[    0.000000] Linux version 5.8.0+ (ppw@ppw) (gcc (Ubuntu 10.2.0-13ubuntu1) 10.2.0, GNU ld (GNU Binutils for Ubuntu) 2.35.1) #11 SMP Thu Mar 4 02:43:40 UTC 2021
[    0.000000] Command line: BOOT_IMAGE=/boot/vmlinuz-5.8.0+ root=UUID=84ba8954-0590-47f9-bbb1-bc6024ba66fb ro nokaslr nopti text
[    0.000000] KERNEL supported cpus:
[    0.000000]   Intel GenuineIntel
[    0.000000]   AMD AuthenticAMD
[    0.000000]   Hygon HygonGenuine
[    0.000000]   Centaur CentaurHauls
[    0.000000]   zhaoxin   Shanghai  
[    0.000000] Disabled fast string operations
[    0.000000] x86/fpu: Supporting XSAVE feature 0x001: 'x87 floating point registers'
[    0.000000] x86/fpu: Supporting XSAVE feature 0x002: 'SSE registers'
[    0.000000] x86/fpu: Supporting XSAVE feature 0x004: 'AVX registers'
[    0.000000] x86/fpu: Supporting XSAVE feature 0x008: 'MPX bounds registers'
[    0.000000] x86/fpu: Supporting XSAVE feature 0x010: 'MPX CSR'
[    0.000000] x86/fpu: xstate_offset[2]:  576, xstate_sizes[2]:  256
[    0.000000] x86/fpu: xstate_offset[3]:  832, xstate_sizes[3]:   64
[    0.000000] x86/fpu: xstate_offset[4]:  896, xstate_sizes[4]:   64
[    0.000000] x86/fpu: Enabled xstate features 0x1f, context size is 960 bytes, using 'compacted' format.
[    0.000000] BIOS-provided physical RAM map:
[    0.000000] BIOS-e820: [mem 0x0000000000000000-0x000000000009e7ff] usable
[    0.000000] BIOS-e820: [mem 0x000000000009e800-0x000000000009ffff] reserved
[    0.000000] BIOS-e820: [mem 0x00000000000dc000-0x00000000000fffff] reserved
[    0.000000] BIOS-e820: [mem 0x0000000000100000-0x00000000bfecffff] usable
[    0.000000] BIOS-e820: [mem 0x00000000bfed0000-0x00000000bfefefff] ACPI data
[    0.000000] BIOS-e820: [mem 0x00000000bfeff000-0x00000000bfefffff] ACPI NVS
[    0.000000] BIOS-e820: [mem 0x00000000bff00000-0x00000000bfffffff] usable
[    0.000000] BIOS-e820: [mem 0x00000000f0000000-0x00000000f7ffffff] reserved
[    0.000000] BIOS-e820: [mem 0x00000000fec00000-0x00000000fec0ffff] reserved
[    0.000000] BIOS-e820: [mem 0x00000000fee00000-0x00000000fee00fff] reserved
[    0.000000] BIOS-e820: [mem 0x00000000fffe0000-0x00000000ffffffff] reserved
[    0.000000] BIOS-e820: [mem 0x0000000100000000-0x000000013fffffff] usable
[    0.000000] NX (Execute Disable) protection: active
[    0.000000] SMBIOS 2.7 present.
[    0.000000] DMI: VMware, Inc. VMware Virtual Platform/440BX Desktop Reference Platform, BIOS 6.00 07/29/2019
[    0.000000] vmware: hypercall mode: 0x00
[    0.000000] Hypervisor detected: VMware
[    0.000000] vmware: TSC freq read from hypervisor : 2591.998 MHz
[    0.000000] vmware: Host bus clock speed read from hypervisor : 66000000 Hz
[    0.000000] vmware: using clock offset of 33325494477 ns
[    0.000022] tsc: Detected 2591.998 MHz processor
[    0.001403] e820: update [mem 0x00000000-0x00000fff] usable ==> reserved
[    0.001404] e820: remove [mem 0x000a0000-0x000fffff] usable
[    0.001408] last_pfn = 0x140000 max_arch_pfn = 0x400000000
[    0.001427] MTRR default type: uncachable
[    0.001428] MTRR fixed ranges enabled:
[    0.001429]   00000-9FFFF write-back
[    0.001429]   A0000-BFFFF uncachable
[    0.001430]   C0000-CFFFF write-protect
[    0.001430]   D0000-EFFFF uncachable
[    0.001431]   F0000-FFFFF write-protect
[    0.001431] MTRR variable ranges enabled:
[    0.001432]   0 base 00000000000 mask 7E000000000 write-back
[    0.001433]   1 base 000C0000000 mask 7FFC0000000 uncachable
[    0.001433]   2 disabled
[    0.001434]   3 disabled
[    0.001434]   4 disabled
[    0.001434]   5 disabled
[    0.001435]   6 disabled
[    0.001435]   7 disabled
[    0.001448] x86/PAT: Configuration [0-7]: WB  WC  UC- UC  WB  WP  UC- WT  
[    0.001459] total RAM covered: 130048M
[    0.001867] Found optimal setting for mtrr clean up
[    0.001868]  gran_size: 64K 	chunk_size: 64K 	num_reg: 7  	lose cover RAM: 0G
[    0.001909] e820: update [mem 0xc0000000-0xffffffff] usable ==> reserved
[    0.001911] last_pfn = 0xc0000 max_arch_pfn = 0x400000000
[    0.012307] found SMP MP-table at [mem 0x000f6a70-0x000f6a7f]
[    0.012328] check: Scanning 1 areas for low memory corruption
[    0.012354] Kernel/User page tables isolation: disabled on command line.
[    0.012357] Using GB pages for direct mapping
[    0.012578] RAMDISK: [mem 0x31a43000-0x34d18fff]
[    0.012602] ACPI: Early table checksum verification disabled
[    0.012606] ACPI: RSDP 0x00000000000F6A00 000024 (v02 PTLTD )
[    0.012611] ACPI: XSDT 0x00000000BFEDC633 00005C (v01 INTEL  440BX    06040000 VMW  01324272)
[    0.012617] ACPI: FACP 0x00000000BFEFEE73 0000F4 (v04 INTEL  440BX    06040000 PTL  000F4240)
[    0.012623] ACPI: DSDT 0x00000000BFEDD9E8 02148B (v01 PTLTD  Custom   06040000 MSFT 03000001)
[    0.012628] ACPI: FACS 0x00000000BFEFFFC0 000040
[    0.012630] ACPI: FACS 0x00000000BFEFFFC0 000040
[    0.012633] ACPI: BOOT 0x00000000BFEDD9C0 000028 (v01 PTLTD  $SBFTBL$ 06040000  LTP 00000001)
[    0.012636] ACPI: APIC 0x00000000BFEDD27E 000742 (v01 PTLTD  ? APIC   06040000  LTP 00000000)
[    0.012639] ACPI: MCFG 0x00000000BFEDD242 00003C (v01 PTLTD  $PCITBL$ 06040000  LTP 00000001)
[    0.012642] ACPI: SRAT 0x00000000BFEDC72F 0008D0 (v02 VMWARE MEMPLUG  06040000 VMW  00000001)
[    0.012645] ACPI: HPET 0x00000000BFEDC6F7 000038 (v01 VMWARE VMW HPET 06040000 VMW  00000001)
[    0.012648] ACPI: WAET 0x00000000BFEDC6CF 000028 (v01 VMWARE VMW WAET 06040000 VMW  00000001)
[    0.012657] ACPI: Local APIC address 0xfee00000
[    0.012660] system APIC only can use physical flat
[    0.012661] Setting APIC routing to physical flat.
[    0.012684] SRAT: PXM 0 -> APIC 0x00 -> Node 0
[    0.012685] SRAT: PXM 0 -> APIC 0x01 -> Node 0
[    0.012685] SRAT: PXM 0 -> APIC 0x02 -> Node 0
[    0.012686] SRAT: PXM 0 -> APIC 0x03 -> Node 0
[    0.012686] SRAT: PXM 0 -> APIC 0x04 -> Node 0
[    0.012687] SRAT: PXM 0 -> APIC 0x05 -> Node 0
[    0.012687] SRAT: PXM 0 -> APIC 0x06 -> Node 0
[    0.012688] SRAT: PXM 0 -> APIC 0x07 -> Node 0
[    0.012688] SRAT: PXM 0 -> APIC 0x08 -> Node 0
[    0.012689] SRAT: PXM 0 -> APIC 0x09 -> Node 0
[    0.012689] SRAT: PXM 0 -> APIC 0x0a -> Node 0
[    0.012690] SRAT: PXM 0 -> APIC 0x0b -> Node 0
[    0.012690] SRAT: PXM 0 -> APIC 0x0c -> Node 0
[    0.012691] SRAT: PXM 0 -> APIC 0x0d -> Node 0
[    0.012691] SRAT: PXM 0 -> APIC 0x0e -> Node 0
[    0.012692] SRAT: PXM 0 -> APIC 0x0f -> Node 0
[    0.012692] SRAT: PXM 0 -> APIC 0x10 -> Node 0
[    0.012693] SRAT: PXM 0 -> APIC 0x11 -> Node 0
[    0.012693] SRAT: PXM 0 -> APIC 0x12 -> Node 0
[    0.012694] SRAT: PXM 0 -> APIC 0x13 -> Node 0
[    0.012694] SRAT: PXM 0 -> APIC 0x14 -> Node 0
[    0.012695] SRAT: PXM 0 -> APIC 0x15 -> Node 0
[    0.012696] SRAT: PXM 0 -> APIC 0x16 -> Node 0
[    0.012696] SRAT: PXM 0 -> APIC 0x17 -> Node 0
[    0.012697] SRAT: PXM 0 -> APIC 0x18 -> Node 0
[    0.012697] SRAT: PXM 0 -> APIC 0x19 -> Node 0
[    0.012698] SRAT: PXM 0 -> APIC 0x1a -> Node 0
[    0.012698] SRAT: PXM 0 -> APIC 0x1b -> Node 0
[    0.012699] SRAT: PXM 0 -> APIC 0x1c -> Node 0
[    0.012699] SRAT: PXM 0 -> APIC 0x1d -> Node 0
[    0.012700] SRAT: PXM 0 -> APIC 0x1e -> Node 0
[    0.012700] SRAT: PXM 0 -> APIC 0x1f -> Node 0
[    0.012701] SRAT: PXM 0 -> APIC 0x20 -> Node 0
[    0.012701] SRAT: PXM 0 -> APIC 0x21 -> Node 0
[    0.012702] SRAT: PXM 0 -> APIC 0x22 -> Node 0
[    0.012702] SRAT: PXM 0 -> APIC 0x23 -> Node 0
[    0.012703] SRAT: PXM 0 -> APIC 0x24 -> Node 0
[    0.012703] SRAT: PXM 0 -> APIC 0x25 -> Node 0
[    0.012704] SRAT: PXM 0 -> APIC 0x26 -> Node 0
[    0.012704] SRAT: PXM 0 -> APIC 0x27 -> Node 0
[    0.012705] SRAT: PXM 0 -> APIC 0x28 -> Node 0
[    0.012705] SRAT: PXM 0 -> APIC 0x29 -> Node 0
[    0.012706] SRAT: PXM 0 -> APIC 0x2a -> Node 0
[    0.012706] SRAT: PXM 0 -> APIC 0x2b -> Node 0
[    0.012707] SRAT: PXM 0 -> APIC 0x2c -> Node 0
[    0.012707] SRAT: PXM 0 -> APIC 0x2d -> Node 0
[    0.012708] SRAT: PXM 0 -> APIC 0x2e -> Node 0
[    0.012708] SRAT: PXM 0 -> APIC 0x2f -> Node 0
[    0.012709] SRAT: PXM 0 -> APIC 0x30 -> Node 0
[    0.012709] SRAT: PXM 0 -> APIC 0x31 -> Node 0
[    0.012710] SRAT: PXM 0 -> APIC 0x32 -> Node 0
[    0.012710] SRAT: PXM 0 -> APIC 0x33 -> Node 0
[    0.012711] SRAT: PXM 0 -> APIC 0x34 -> Node 0
[    0.012712] SRAT: PXM 0 -> APIC 0x35 -> Node 0
[    0.012712] SRAT: PXM 0 -> APIC 0x36 -> Node 0
[    0.012713] SRAT: PXM 0 -> APIC 0x37 -> Node 0
[    0.012713] SRAT: PXM 0 -> APIC 0x38 -> Node 0
[    0.012714] SRAT: PXM 0 -> APIC 0x39 -> Node 0
[    0.012714] SRAT: PXM 0 -> APIC 0x3a -> Node 0
[    0.012715] SRAT: PXM 0 -> APIC 0x3b -> Node 0
[    0.012715] SRAT: PXM 0 -> APIC 0x3c -> Node 0
[    0.012716] SRAT: PXM 0 -> APIC 0x3d -> Node 0
[    0.012716] SRAT: PXM 0 -> APIC 0x3e -> Node 0
[    0.012717] SRAT: PXM 0 -> APIC 0x3f -> Node 0
[    0.012717] SRAT: PXM 0 -> APIC 0x40 -> Node 0
[    0.012718] SRAT: PXM 0 -> APIC 0x41 -> Node 0
[    0.012718] SRAT: PXM 0 -> APIC 0x42 -> Node 0
[    0.012719] SRAT: PXM 0 -> APIC 0x43 -> Node 0
[    0.012719] SRAT: PXM 0 -> APIC 0x44 -> Node 0
[    0.012720] SRAT: PXM 0 -> APIC 0x45 -> Node 0
[    0.012720] SRAT: PXM 0 -> APIC 0x46 -> Node 0
[    0.012721] SRAT: PXM 0 -> APIC 0x47 -> Node 0
[    0.012721] SRAT: PXM 0 -> APIC 0x48 -> Node 0
[    0.012722] SRAT: PXM 0 -> APIC 0x49 -> Node 0
[    0.012722] SRAT: PXM 0 -> APIC 0x4a -> Node 0
[    0.012723] SRAT: PXM 0 -> APIC 0x4b -> Node 0
[    0.012723] SRAT: PXM 0 -> APIC 0x4c -> Node 0
[    0.012724] SRAT: PXM 0 -> APIC 0x4d -> Node 0
[    0.012724] SRAT: PXM 0 -> APIC 0x4e -> Node 0
[    0.012725] SRAT: PXM 0 -> APIC 0x4f -> Node 0
[    0.012725] SRAT: PXM 0 -> APIC 0x50 -> Node 0
[    0.012726] SRAT: PXM 0 -> APIC 0x51 -> Node 0
[    0.012726] SRAT: PXM 0 -> APIC 0x52 -> Node 0
[    0.012727] SRAT: PXM 0 -> APIC 0x53 -> Node 0
[    0.012728] SRAT: PXM 0 -> APIC 0x54 -> Node 0
[    0.012728] SRAT: PXM 0 -> APIC 0x55 -> Node 0
[    0.012729] SRAT: PXM 0 -> APIC 0x56 -> Node 0
[    0.012729] SRAT: PXM 0 -> APIC 0x57 -> Node 0
[    0.012730] SRAT: PXM 0 -> APIC 0x58 -> Node 0
[    0.012730] SRAT: PXM 0 -> APIC 0x59 -> Node 0
[    0.012731] SRAT: PXM 0 -> APIC 0x5a -> Node 0
[    0.012731] SRAT: PXM 0 -> APIC 0x5b -> Node 0
[    0.012732] SRAT: PXM 0 -> APIC 0x5c -> Node 0
[    0.012732] SRAT: PXM 0 -> APIC 0x5d -> Node 0
[    0.012733] SRAT: PXM 0 -> APIC 0x5e -> Node 0
[    0.012733] SRAT: PXM 0 -> APIC 0x5f -> Node 0
[    0.012734] SRAT: PXM 0 -> APIC 0x60 -> Node 0
[    0.012734] SRAT: PXM 0 -> APIC 0x61 -> Node 0
[    0.012735] SRAT: PXM 0 -> APIC 0x62 -> Node 0
[    0.012735] SRAT: PXM 0 -> APIC 0x63 -> Node 0
[    0.012736] SRAT: PXM 0 -> APIC 0x64 -> Node 0
[    0.012736] SRAT: PXM 0 -> APIC 0x65 -> Node 0
[    0.012737] SRAT: PXM 0 -> APIC 0x66 -> Node 0
[    0.012737] SRAT: PXM 0 -> APIC 0x67 -> Node 0
[    0.012738] SRAT: PXM 0 -> APIC 0x68 -> Node 0
[    0.012738] SRAT: PXM 0 -> APIC 0x69 -> Node 0
[    0.012739] SRAT: PXM 0 -> APIC 0x6a -> Node 0
[    0.012739] SRAT: PXM 0 -> APIC 0x6b -> Node 0
[    0.012740] SRAT: PXM 0 -> APIC 0x6c -> Node 0
[    0.012740] SRAT: PXM 0 -> APIC 0x6d -> Node 0
[    0.012741] SRAT: PXM 0 -> APIC 0x6e -> Node 0
[    0.012741] SRAT: PXM 0 -> APIC 0x6f -> Node 0
[    0.012742] SRAT: PXM 0 -> APIC 0x70 -> Node 0
[    0.012742] SRAT: PXM 0 -> APIC 0x71 -> Node 0
[    0.012743] SRAT: PXM 0 -> APIC 0x72 -> Node 0
[    0.012744] SRAT: PXM 0 -> APIC 0x73 -> Node 0
[    0.012744] SRAT: PXM 0 -> APIC 0x74 -> Node 0
[    0.012745] SRAT: PXM 0 -> APIC 0x75 -> Node 0
[    0.012745] SRAT: PXM 0 -> APIC 0x76 -> Node 0
[    0.012746] SRAT: PXM 0 -> APIC 0x77 -> Node 0
[    0.012746] SRAT: PXM 0 -> APIC 0x78 -> Node 0
[    0.012747] SRAT: PXM 0 -> APIC 0x79 -> Node 0
[    0.012747] SRAT: PXM 0 -> APIC 0x7a -> Node 0
[    0.012748] SRAT: PXM 0 -> APIC 0x7b -> Node 0
[    0.012748] SRAT: PXM 0 -> APIC 0x7c -> Node 0
[    0.012749] SRAT: PXM 0 -> APIC 0x7d -> Node 0
[    0.012749] SRAT: PXM 0 -> APIC 0x7e -> Node 0
[    0.012750] SRAT: PXM 0 -> APIC 0x7f -> Node 0
[    0.012753] ACPI: SRAT: Node 0 PXM 0 [mem 0x00000000-0x0009ffff]
[    0.012754] ACPI: SRAT: Node 0 PXM 0 [mem 0x00100000-0xbfffffff]
[    0.012755] ACPI: SRAT: Node 0 PXM 0 [mem 0x100000000-0x13fffffff]
[    0.012755] ACPI: SRAT: Node 0 PXM 0 [mem 0x140000000-0x103fffffff] hotplug
[    0.012758] NUMA: Node 0 [mem 0x00000000-0x0009ffff] + [mem 0x00100000-0xbfffffff] -> [mem 0x00000000-0xbfffffff]
[    0.012759] NUMA: Node 0 [mem 0x00000000-0xbfffffff] + [mem 0x100000000-0x13fffffff] -> [mem 0x00000000-0x13fffffff]
[    0.012766] NODE_DATA(0) allocated [mem 0x13ffd4000-0x13fffdfff]
[    0.013011] Zone ranges:
[    0.013012]   DMA      [mem 0x0000000000001000-0x0000000000ffffff]
[    0.013013]   DMA32    [mem 0x0000000001000000-0x00000000ffffffff]
[    0.013014]   Normal   [mem 0x0000000100000000-0x000000013fffffff]
[    0.013014]   Device   empty
[    0.013015] Movable zone start for each node
[    0.013018] Early memory node ranges
[    0.013018]   node   0: [mem 0x0000000000001000-0x000000000009dfff]
[    0.013019]   node   0: [mem 0x0000000000100000-0x00000000bfecffff]
[    0.013020]   node   0: [mem 0x00000000bff00000-0x00000000bfffffff]
[    0.013020]   node   0: [mem 0x0000000100000000-0x000000013fffffff]
[    0.013029] Zeroed struct page in unavailable ranges: 147 pages
[    0.013030] Initmem setup node 0 [mem 0x0000000000001000-0x000000013fffffff]
[    0.013031] On node 0 totalpages: 1048429
[    0.013032]   DMA zone: 64 pages used for memmap
[    0.013032]   DMA zone: 21 pages reserved
[    0.013033]   DMA zone: 3997 pages, LIFO batch:0
[    0.013096]   DMA32 zone: 12224 pages used for memmap
[    0.013096]   DMA32 zone: 782288 pages, LIFO batch:63
[    0.025897]   Normal zone: 4096 pages used for memmap
[    0.025898]   Normal zone: 262144 pages, LIFO batch:63
[    0.033752] ACPI: PM-Timer IO Port: 0x1008
[    0.033754] ACPI: Local APIC address 0xfee00000
[    0.033758] system APIC only can use physical flat
[    0.033770] ACPI: LAPIC_NMI (acpi_id[0x00] high edge lint[0x1])
[    0.033771] ACPI: LAPIC_NMI (acpi_id[0x01] high edge lint[0x1])
[    0.033771] ACPI: LAPIC_NMI (acpi_id[0x02] high edge lint[0x1])
[    0.033772] ACPI: LAPIC_NMI (acpi_id[0x03] high edge lint[0x1])
[    0.033772] ACPI: LAPIC_NMI (acpi_id[0x04] high edge lint[0x1])
[    0.033773] ACPI: LAPIC_NMI (acpi_id[0x05] high edge lint[0x1])
[    0.033773] ACPI: LAPIC_NMI (acpi_id[0x06] high edge lint[0x1])
[    0.033774] ACPI: LAPIC_NMI (acpi_id[0x07] high edge lint[0x1])
[    0.033774] ACPI: LAPIC_NMI (acpi_id[0x08] high edge lint[0x1])
[    0.033775] ACPI: LAPIC_NMI (acpi_id[0x09] high edge lint[0x1])
[    0.033776] ACPI: LAPIC_NMI (acpi_id[0x0a] high edge lint[0x1])
[    0.033776] ACPI: LAPIC_NMI (acpi_id[0x0b] high edge lint[0x1])
[    0.033777] ACPI: LAPIC_NMI (acpi_id[0x0c] high edge lint[0x1])
[    0.033777] ACPI: LAPIC_NMI (acpi_id[0x0d] high edge lint[0x1])
[    0.033778] ACPI: LAPIC_NMI (acpi_id[0x0e] high edge lint[0x1])
[    0.033778] ACPI: LAPIC_NMI (acpi_id[0x0f] high edge lint[0x1])
[    0.033779] ACPI: LAPIC_NMI (acpi_id[0x10] high edge lint[0x1])
[    0.033779] ACPI: LAPIC_NMI (acpi_id[0x11] high edge lint[0x1])
[    0.033780] ACPI: LAPIC_NMI (acpi_id[0x12] high edge lint[0x1])
[    0.033781] ACPI: LAPIC_NMI (acpi_id[0x13] high edge lint[0x1])
[    0.033781] ACPI: LAPIC_NMI (acpi_id[0x14] high edge lint[0x1])
[    0.033782] ACPI: LAPIC_NMI (acpi_id[0x15] high edge lint[0x1])
[    0.033782] ACPI: LAPIC_NMI (acpi_id[0x16] high edge lint[0x1])
[    0.033783] ACPI: LAPIC_NMI (acpi_id[0x17] high edge lint[0x1])
[    0.033783] ACPI: LAPIC_NMI (acpi_id[0x18] high edge lint[0x1])
[    0.033784] ACPI: LAPIC_NMI (acpi_id[0x19] high edge lint[0x1])
[    0.033784] ACPI: LAPIC_NMI (acpi_id[0x1a] high edge lint[0x1])
[    0.033785] ACPI: LAPIC_NMI (acpi_id[0x1b] high edge lint[0x1])
[    0.033785] ACPI: LAPIC_NMI (acpi_id[0x1c] high edge lint[0x1])
[    0.033786] ACPI: LAPIC_NMI (acpi_id[0x1d] high edge lint[0x1])
[    0.033786] ACPI: LAPIC_NMI (acpi_id[0x1e] high edge lint[0x1])
[    0.033787] ACPI: LAPIC_NMI (acpi_id[0x1f] high edge lint[0x1])
[    0.033787] ACPI: LAPIC_NMI (acpi_id[0x20] high edge lint[0x1])
[    0.033788] ACPI: LAPIC_NMI (acpi_id[0x21] high edge lint[0x1])
[    0.033789] ACPI: LAPIC_NMI (acpi_id[0x22] high edge lint[0x1])
[    0.033789] ACPI: LAPIC_NMI (acpi_id[0x23] high edge lint[0x1])
[    0.033790] ACPI: LAPIC_NMI (acpi_id[0x24] high edge lint[0x1])
[    0.033790] ACPI: LAPIC_NMI (acpi_id[0x25] high edge lint[0x1])
[    0.033791] ACPI: LAPIC_NMI (acpi_id[0x26] high edge lint[0x1])
[    0.033791] ACPI: LAPIC_NMI (acpi_id[0x27] high edge lint[0x1])
[    0.033792] ACPI: LAPIC_NMI (acpi_id[0x28] high edge lint[0x1])
[    0.033792] ACPI: LAPIC_NMI (acpi_id[0x29] high edge lint[0x1])
[    0.033793] ACPI: LAPIC_NMI (acpi_id[0x2a] high edge lint[0x1])
[    0.033793] ACPI: LAPIC_NMI (acpi_id[0x2b] high edge lint[0x1])
[    0.033794] ACPI: LAPIC_NMI (acpi_id[0x2c] high edge lint[0x1])
[    0.033794] ACPI: LAPIC_NMI (acpi_id[0x2d] high edge lint[0x1])
[    0.033795] ACPI: LAPIC_NMI (acpi_id[0x2e] high edge lint[0x1])
[    0.033795] ACPI: LAPIC_NMI (acpi_id[0x2f] high edge lint[0x1])
[    0.033796] ACPI: LAPIC_NMI (acpi_id[0x30] high edge lint[0x1])
[    0.033796] ACPI: LAPIC_NMI (acpi_id[0x31] high edge lint[0x1])
[    0.033797] ACPI: LAPIC_NMI (acpi_id[0x32] high edge lint[0x1])
[    0.033797] ACPI: LAPIC_NMI (acpi_id[0x33] high edge lint[0x1])
[    0.033798] ACPI: LAPIC_NMI (acpi_id[0x34] high edge lint[0x1])
[    0.033799] ACPI: LAPIC_NMI (acpi_id[0x35] high edge lint[0x1])
[    0.033799] ACPI: LAPIC_NMI (acpi_id[0x36] high edge lint[0x1])
[    0.033800] ACPI: LAPIC_NMI (acpi_id[0x37] high edge lint[0x1])
[    0.033800] ACPI: LAPIC_NMI (acpi_id[0x38] high edge lint[0x1])
[    0.033801] ACPI: LAPIC_NMI (acpi_id[0x39] high edge lint[0x1])
[    0.033801] ACPI: LAPIC_NMI (acpi_id[0x3a] high edge lint[0x1])
[    0.033802] ACPI: LAPIC_NMI (acpi_id[0x3b] high edge lint[0x1])
[    0.033802] ACPI: LAPIC_NMI (acpi_id[0x3c] high edge lint[0x1])
[    0.033803] ACPI: LAPIC_NMI (acpi_id[0x3d] high edge lint[0x1])
[    0.033803] ACPI: LAPIC_NMI (acpi_id[0x3e] high edge lint[0x1])
[    0.033804] ACPI: LAPIC_NMI (acpi_id[0x3f] high edge lint[0x1])
[    0.033804] ACPI: LAPIC_NMI (acpi_id[0x40] high edge lint[0x1])
[    0.033805] ACPI: LAPIC_NMI (acpi_id[0x41] high edge lint[0x1])
[    0.033805] ACPI: LAPIC_NMI (acpi_id[0x42] high edge lint[0x1])
[    0.033806] ACPI: LAPIC_NMI (acpi_id[0x43] high edge lint[0x1])
[    0.033807] ACPI: LAPIC_NMI (acpi_id[0x44] high edge lint[0x1])
[    0.033807] ACPI: LAPIC_NMI (acpi_id[0x45] high edge lint[0x1])
[    0.033808] ACPI: LAPIC_NMI (acpi_id[0x46] high edge lint[0x1])
[    0.033808] ACPI: LAPIC_NMI (acpi_id[0x47] high edge lint[0x1])
[    0.033809] ACPI: LAPIC_NMI (acpi_id[0x48] high edge lint[0x1])
[    0.033809] ACPI: LAPIC_NMI (acpi_id[0x49] high edge lint[0x1])
[    0.033810] ACPI: LAPIC_NMI (acpi_id[0x4a] high edge lint[0x1])
[    0.033810] ACPI: LAPIC_NMI (acpi_id[0x4b] high edge lint[0x1])
[    0.033811] ACPI: LAPIC_NMI (acpi_id[0x4c] high edge lint[0x1])
[    0.033811] ACPI: LAPIC_NMI (acpi_id[0x4d] high edge lint[0x1])
[    0.033812] ACPI: LAPIC_NMI (acpi_id[0x4e] high edge lint[0x1])
[    0.033812] ACPI: LAPIC_NMI (acpi_id[0x4f] high edge lint[0x1])
[    0.033813] ACPI: LAPIC_NMI (acpi_id[0x50] high edge lint[0x1])
[    0.033813] ACPI: LAPIC_NMI (acpi_id[0x51] high edge lint[0x1])
[    0.033814] ACPI: LAPIC_NMI (acpi_id[0x52] high edge lint[0x1])
[    0.033815] ACPI: LAPIC_NMI (acpi_id[0x53] high edge lint[0x1])
[    0.033815] ACPI: LAPIC_NMI (acpi_id[0x54] high edge lint[0x1])
[    0.033816] ACPI: LAPIC_NMI (acpi_id[0x55] high edge lint[0x1])
[    0.033816] ACPI: LAPIC_NMI (acpi_id[0x56] high edge lint[0x1])
[    0.033817] ACPI: LAPIC_NMI (acpi_id[0x57] high edge lint[0x1])
[    0.033817] ACPI: LAPIC_NMI (acpi_id[0x58] high edge lint[0x1])
[    0.033818] ACPI: LAPIC_NMI (acpi_id[0x59] high edge lint[0x1])
[    0.033818] ACPI: LAPIC_NMI (acpi_id[0x5a] high edge lint[0x1])
[    0.033819] ACPI: LAPIC_NMI (acpi_id[0x5b] high edge lint[0x1])
[    0.033819] ACPI: LAPIC_NMI (acpi_id[0x5c] high edge lint[0x1])
[    0.033820] ACPI: LAPIC_NMI (acpi_id[0x5d] high edge lint[0x1])
[    0.033820] ACPI: LAPIC_NMI (acpi_id[0x5e] high edge lint[0x1])
[    0.033821] ACPI: LAPIC_NMI (acpi_id[0x5f] high edge lint[0x1])
[    0.033821] ACPI: LAPIC_NMI (acpi_id[0x60] high edge lint[0x1])
[    0.033822] ACPI: LAPIC_NMI (acpi_id[0x61] high edge lint[0x1])
[    0.033822] ACPI: LAPIC_NMI (acpi_id[0x62] high edge lint[0x1])
[    0.033823] ACPI: LAPIC_NMI (acpi_id[0x63] high edge lint[0x1])
[    0.033823] ACPI: LAPIC_NMI (acpi_id[0x64] high edge lint[0x1])
[    0.033824] ACPI: LAPIC_NMI (acpi_id[0x65] high edge lint[0x1])
[    0.033825] ACPI: LAPIC_NMI (acpi_id[0x66] high edge lint[0x1])
[    0.033825] ACPI: LAPIC_NMI (acpi_id[0x67] high edge lint[0x1])
[    0.033826] ACPI: LAPIC_NMI (acpi_id[0x68] high edge lint[0x1])
[    0.033826] ACPI: LAPIC_NMI (acpi_id[0x69] high edge lint[0x1])
[    0.033827] ACPI: LAPIC_NMI (acpi_id[0x6a] high edge lint[0x1])
[    0.033827] ACPI: LAPIC_NMI (acpi_id[0x6b] high edge lint[0x1])
[    0.033828] ACPI: LAPIC_NMI (acpi_id[0x6c] high edge lint[0x1])
[    0.033828] ACPI: LAPIC_NMI (acpi_id[0x6d] high edge lint[0x1])
[    0.033829] ACPI: LAPIC_NMI (acpi_id[0x6e] high edge lint[0x1])
[    0.033829] ACPI: LAPIC_NMI (acpi_id[0x6f] high edge lint[0x1])
[    0.033830] ACPI: LAPIC_NMI (acpi_id[0x70] high edge lint[0x1])
[    0.033830] ACPI: LAPIC_NMI (acpi_id[0x71] high edge lint[0x1])
[    0.033831] ACPI: LAPIC_NMI (acpi_id[0x72] high edge lint[0x1])
[    0.033831] ACPI: LAPIC_NMI (acpi_id[0x73] high edge lint[0x1])
[    0.033832] ACPI: LAPIC_NMI (acpi_id[0x74] high edge lint[0x1])
[    0.033832] ACPI: LAPIC_NMI (acpi_id[0x75] high edge lint[0x1])
[    0.033833] ACPI: LAPIC_NMI (acpi_id[0x76] high edge lint[0x1])
[    0.033833] ACPI: LAPIC_NMI (acpi_id[0x77] high edge lint[0x1])
[    0.033834] ACPI: LAPIC_NMI (acpi_id[0x78] high edge lint[0x1])
[    0.033835] ACPI: LAPIC_NMI (acpi_id[0x79] high edge lint[0x1])
[    0.033835] ACPI: LAPIC_NMI (acpi_id[0x7a] high edge lint[0x1])
[    0.033836] ACPI: LAPIC_NMI (acpi_id[0x7b] high edge lint[0x1])
[    0.033836] ACPI: LAPIC_NMI (acpi_id[0x7c] high edge lint[0x1])
[    0.033837] ACPI: LAPIC_NMI (acpi_id[0x7d] high edge lint[0x1])
[    0.033837] ACPI: LAPIC_NMI (acpi_id[0x7e] high edge lint[0x1])
[    0.033838] ACPI: LAPIC_NMI (acpi_id[0x7f] high edge lint[0x1])
[    0.033857] IOAPIC[0]: apic_id 128, version 32, address 0xfec00000, GSI 0-23
[    0.033861] ACPI: INT_SRC_OVR (bus 0 bus_irq 0 global_irq 2 high edge)
[    0.033863] ACPI: IRQ0 used by override.
[    0.033864] ACPI: IRQ9 used by override.
[    0.033867] Using ACPI (MADT) for SMP configuration information
[    0.033869] ACPI: HPET id: 0x8086af01 base: 0xfed00000
[    0.033872] TSC deadline timer available
[    0.033875] smpboot: Allowing 128 CPUs, 126 hotplug CPUs
[    0.033887] PM: hibernation: Registered nosave memory: [mem 0x00000000-0x00000fff]
[    0.033888] PM: hibernation: Registered nosave memory: [mem 0x0009e000-0x0009efff]
[    0.033888] PM: hibernation: Registered nosave memory: [mem 0x0009f000-0x0009ffff]
[    0.033889] PM: hibernation: Registered nosave memory: [mem 0x000a0000-0x000dbfff]
[    0.033889] PM: hibernation: Registered nosave memory: [mem 0x000dc000-0x000fffff]
[    0.033890] PM: hibernation: Registered nosave memory: [mem 0xbfed0000-0xbfefefff]
[    0.033891] PM: hibernation: Registered nosave memory: [mem 0xbfeff000-0xbfefffff]
[    0.033894] PM: hibernation: Registered nosave memory: [mem 0xc0000000-0xefffffff]
[    0.033894] PM: hibernation: Registered nosave memory: [mem 0xf0000000-0xf7ffffff]
[    0.033895] PM: hibernation: Registered nosave memory: [mem 0xf8000000-0xfebfffff]
[    0.033895] PM: hibernation: Registered nosave memory: [mem 0xfec00000-0xfec0ffff]
[    0.033896] PM: hibernation: Registered nosave memory: [mem 0xfec10000-0xfedfffff]
[    0.033896] PM: hibernation: Registered nosave memory: [mem 0xfee00000-0xfee00fff]
[    0.033897] PM: hibernation: Registered nosave memory: [mem 0xfee01000-0xfffdffff]
[    0.033897] PM: hibernation: Registered nosave memory: [mem 0xfffe0000-0xffffffff]
[    0.033899] [mem 0xc0000000-0xefffffff] available for PCI devices
[    0.033900] Booting paravirtualized kernel on VMware hypervisor
[    0.033902] clocksource: refined-jiffies: mask: 0xffffffff max_cycles: 0xffffffff, max_idle_ns: 7645519600211568 ns
[    0.033907] setup_percpu: NR_CPUS:8192 nr_cpumask_bits:128 nr_cpu_ids:128 nr_node_ids:1
[    0.045781] percpu: Embedded 56 pages/cpu s192512 r8192 d28672 u262144
[    0.045791] pcpu-alloc: s192512 r8192 d28672 u262144 alloc=1*2097152
[    0.045792] pcpu-alloc: [0] 000 001 002 003 004 005 006 007 
[    0.045794] pcpu-alloc: [0] 008 009 010 011 012 013 014 015 
[    0.045795] pcpu-alloc: [0] 016 017 018 019 020 021 022 023 
[    0.045797] pcpu-alloc: [0] 024 025 026 027 028 029 030 031 
[    0.045798] pcpu-alloc: [0] 032 033 034 035 036 037 038 039 
[    0.045799] pcpu-alloc: [0] 040 041 042 043 044 045 046 047 
[    0.045800] pcpu-alloc: [0] 048 049 050 051 052 053 054 055 
[    0.045802] pcpu-alloc: [0] 056 057 058 059 060 061 062 063 
[    0.045803] pcpu-alloc: [0] 064 065 066 067 068 069 070 071 
[    0.045804] pcpu-alloc: [0] 072 073 074 075 076 077 078 079 
[    0.045806] pcpu-alloc: [0] 080 081 082 083 084 085 086 087 
[    0.045807] pcpu-alloc: [0] 088 089 090 091 092 093 094 095 
[    0.045808] pcpu-alloc: [0] 096 097 098 099 100 101 102 103 
[    0.045809] pcpu-alloc: [0] 104 105 106 107 108 109 110 111 
[    0.045811] pcpu-alloc: [0] 112 113 114 115 116 117 118 119 
[    0.045812] pcpu-alloc: [0] 120 121 122 123 124 125 126 127 
[    0.045851] Built 1 zonelists, mobility grouping on.  Total pages: 1032024
[    0.045852] Policy zone: Normal
[    0.045854] Kernel command line: BOOT_IMAGE=/boot/vmlinuz-5.8.0+ root=UUID=84ba8954-0590-47f9-bbb1-bc6024ba66fb ro nokaslr nopti text
[    0.045937] printk: log_buf_len individual max cpu contribution: 4096 bytes
[    0.045938] printk: log_buf_len total cpu_extra contributions: 520192 bytes
[    0.045938] printk: log_buf_len min size: 262144 bytes
[    0.046283] printk: log_buf_len: 1048576 bytes
[    0.046284] printk: early log buf free: 235292(89%)
[    0.047307] Dentry cache hash table entries: 524288 (order: 10, 4194304 bytes, linear)
[    0.047813] Inode-cache hash table entries: 262144 (order: 9, 2097152 bytes, linear)
[    0.050695] mem auto-init: stack:off, heap alloc:on, heap free:off
[    0.075402] Memory: 3941168K/4193716K available (14339K kernel code, 2431K rwdata, 4964K rodata, 2608K init, 5056K bss, 252548K reserved, 0K cma-reserved)
[    0.075409] random: get_random_u64 called from __kmem_cache_create+0x42/0x610 with crng_init=0
[    0.076211] SLUB: HWalign=64, Order=0-3, MinObjects=0, CPUs=128, Nodes=1
[    0.076241] ftrace: allocating 43590 entries in 171 pages
[    0.091959] ftrace: allocated 171 pages with 5 groups
[    0.092811] rcu: Hierarchical RCU implementation.
[    0.092828] rcu: 	RCU restricting CPUs from NR_CPUS=8192 to nr_cpu_ids=128.
[    0.092829] 	Rude variant of Tasks RCU enabled.
[    0.092830] rcu: RCU calculated value of scheduler-enlistment delay is 25 jiffies.
[    0.092830] rcu: Adjusting geometry for rcu_fanout_leaf=16, nr_cpu_ids=128
[    0.096569] NR_IRQS: 524544, nr_irqs: 1448, preallocated irqs: 16
[    0.097361] random: crng done (trusting CPU's manufacturer)
[    0.099266] Console: colour VGA+ 80x25
[    0.123390] printk: console [tty0] enabled
[    0.123500] ACPI: Core revision 20200528
[    0.123885] clocksource: hpet: mask: 0xffffffff max_cycles: 0xffffffff, max_idle_ns: 133484882848 ns
[    0.124101] APIC: Switch to symmetric I/O mode setup
[    0.124356] x2apic enabled
[    0.124661] Switched APIC routing to physical x2apic.
[    0.125886] ..TIMER: vector=0x30 apic1=0 pin1=2 apic2=-1 pin2=-1
[    0.126102] clocksource: tsc-early: mask: 0xffffffffffffffff max_cycles: 0x255cb518234, max_idle_ns: 440795279333 ns
[    0.126370] Calibrating delay loop (skipped) preset value.. 5183.99 BogoMIPS (lpj=10367992)
[    0.126582] pid_max: default: 131072 minimum: 1024
[    0.126790] LSM: Security Framework initializing
[    0.126923] Yama: becoming mindful.
[    0.127077] AppArmor: AppArmor initialized
[    0.127257] Mount-cache hash table entries: 8192 (order: 4, 65536 bytes, linear)
[    0.127463] Mountpoint-cache hash table entries: 8192 (order: 4, 65536 bytes, linear)
[    0.128266] Disabled fast string operations
[    0.130568] Last level iTLB entries: 4KB 64, 2MB 8, 4MB 8
[    0.130865] Last level dTLB entries: 4KB 64, 2MB 0, 4MB 0, 1GB 4
[    0.131031] Spectre V1 : Mitigation: usercopy/swapgs barriers and __user pointer sanitization
[    0.131423] Spectre V2 : Mitigation: Full generic retpoline
[    0.131681] Spectre V2 : Spectre v2 / SpectreRSB mitigation: Filling RSB on context switch
[    0.132208] Spectre V2 : Enabling Restricted Speculation for firmware calls
[    0.132477] Spectre V2 : mitigation: Enabling conditional Indirect Branch Prediction Barrier
[    0.132691] Speculative Store Bypass: Mitigation: Speculative Store Bypass disabled via prctl and seccomp
[    0.132946] SRBDS: Unknown: Dependent on hypervisor status
[    0.133085] MDS: Mitigation: Clear CPU buffers
[    0.133412] Freeing SMP alternatives memory: 40K
[    0.136187] ffff b880 0000 0000 p4d alloc  ffffffff8260ab88 0000000139574067
[    0.136381] ffffb88000000000 pud alloc  ffff888139574000 0000000000000000
[    0.136560] ffffb90000000000 p4d alloc  ffffffff8260ab90 0000000139575067
[    0.136736] ffffb90000000000 pud alloc  ffff888139575000 0000000000000000
[    0.136939] ffffb98000000000 p4d alloc  ffffffff8260ab98 0000000139576067
[    0.137118] ffffb98000000000 pud alloc  ffff888139576000 0000000000000000
[    0.137296] ffffba0000000000 p4d alloc  ffffffff8260aba0 0000000139577067
[    0.138369] ffffba0000000000 pud alloc  ffff888139577000 0000000000000000
[    0.138547] ffffba8000000000 p4d alloc  ffffffff8260aba8 0000000139578067
[    0.138723] ffffba8000000000 pud alloc  ffff888139578000 0000000000000000
[    0.138901] ffffbb0000000000 p4d alloc  ffffffff8260abb0 0000000139579067
[    0.139077] ffffbb0000000000 pud alloc  ffff888139579000 0000000000000000
[    0.139266] ffffbb8000000000 p4d alloc  ffffffff8260abb8 000000013957a067
[    0.139442] ffffbb8000000000 pud alloc  ffff88813957a000 0000000000000000
[    0.139620] ffffbc0000000000 p4d alloc  ffffffff8260abc0 000000013957b067
[    0.139796] ffffbc0000000000 pud alloc  ffff88813957b000 0000000000000000
[    0.139974] ffffbc8000000000 p4d alloc  ffffffff8260abc8 000000013957c067
[    0.140150] ffffbc8000000000 pud alloc  ffff88813957c000 0000000000000000
[    0.140338] ffffbd0000000000 p4d alloc  ffffffff8260abd0 000000013957d067
[    0.140515] ffffbd0000000000 pud alloc  ffff88813957d000 0000000000000000
[    0.140692] ffffbd8000000000 p4d alloc  ffffffff8260abd8 000000013957e067
[    0.140868] ffffbd8000000000 pud alloc  ffff88813957e000 0000000000000000
[    0.141046] ffffbe0000000000 p4d alloc  ffffffff8260abe0 000000013957f067
[    0.141233] ffffbe0000000000 pud alloc  ffff88813957f000 0000000000000000
[    0.141411] ffffbe8000000000 p4d alloc  ffffffff8260abe8 0000000139580067
[    0.141587] ffffbe8000000000 pud alloc  ffff888139580000 0000000000000000
[    0.141765] ffffbf0000000000 p4d alloc  ffffffff8260abf0 0000000139581067
[    0.141941] ffffbf0000000000 pud alloc  ffff888139581000 0000000000000000
[    0.142118] ffffbf8000000000 p4d alloc  ffffffff8260abf8 0000000139582067
[    0.142369] ffffbf8000000000 pud alloc  ffff888139582000 0000000000000000
[    0.142550] ffffc00000000000 p4d alloc  ffffffff8260ac00 0000000139583067
[    0.142727] ffffc00000000000 pud alloc  ffff888139583000 0000000000000000
[    0.142905] ffffc08000000000 p4d alloc  ffffffff8260ac08 0000000139584067
[    0.143232] ffffc08000000000 pud alloc  ffff888139584000 0000000000000000
[    0.143410] ffffc10000000000 p4d alloc  ffffffff8260ac10 0000000139585067
[    0.143587] ffffc10000000000 pud alloc  ffff888139585000 0000000000000000
[    0.143764] ffffc18000000000 p4d alloc  ffffffff8260ac18 0000000139586067
[    0.143953] ffffc18000000000 pud alloc  ffff888139586000 0000000000000000
[    0.144132] ffffc20000000000 p4d alloc  ffffffff8260ac20 0000000139587067
[    0.144331] ffffc20000000000 pud alloc  ffff888139587000 0000000000000000
[    0.144511] ffffc28000000000 p4d alloc  ffffffff8260ac28 0000000139588067
[    0.144689] ffffc28000000000 pud alloc  ffff888139588000 0000000000000000
[    0.144867] ffffc30000000000 p4d alloc  ffffffff8260ac30 0000000139589067
[    0.145043] ffffc30000000000 pud alloc  ffff888139589000 0000000000000000
[    0.145233] ffffc38000000000 p4d alloc  ffffffff8260ac38 000000013958a067
[    0.145409] ffffc38000000000 pud alloc  ffff88813958a000 0000000000000000
[    0.145587] ffffc40000000000 p4d alloc  ffffffff8260ac40 000000013958b067
[    0.145764] ffffc40000000000 pud alloc  ffff88813958b000 0000000000000000
[    0.145941] ffffc48000000000 p4d alloc  ffffffff8260ac48 000000013958c067
[    0.146126] ffffc48000000000 pud alloc  ffff88813958c000 0000000000000000
[    0.146370] ffffc50000000000 p4d alloc  ffffffff8260ac50 000000013958d067
[    0.146542] ffffc50000000000 pud alloc  ffff88813958d000 0000000000000000
[    0.146761] ffffc58000000000 p4d alloc  ffffffff8260ac58 000000013958e067
[    0.146932] ffffc58000000000 pud alloc  ffff88813958e000 0000000000000000
[    0.147105] ffffc60000000000 p4d alloc  ffffffff8260ac60 000000013958f067
[    0.147286] ffffc60000000000 pud alloc  ffff88813958f000 0000000000000000
[    0.147458] ffffc68000000000 p4d alloc  ffffffff8260ac68 0000000139590067
[    0.147629] ffffc68000000000 pud alloc  ffff888139590000 0000000000000000
[    0.147802] ffffc70000000000 p4d alloc  ffffffff8260ac70 0000000139591067
[    0.147973] ffffc70000000000 pud alloc  ffff888139591000 0000000000000000
[    0.148145] ffffc78000000000 p4d alloc  ffffffff8260ac78 0000000139592067
[    0.148326] ffffc78000000000 pud alloc  ffff888139592000 0000000000000000
[    0.148499] ffffc80000000000 p4d alloc  ffffffff8260ac80 0000000139593067
[    0.148670] ffffc80000000000 pud alloc  ffff888139593000 0000000000000000
[    0.149001] smpboot: CPU0: Intel(R) Core(TM) i7-6700HQ CPU @ 2.60GHz (family: 0x6, model: 0x5e, stepping: 0x3)
[    0.149481] Performance Events: Skylake events, core PMU driver.
[    0.149655] core: CPUID marked event: 'cpu cycles' unavailable
[    0.149805] core: CPUID marked event: 'instructions' unavailable
[    0.149959] core: CPUID marked event: 'bus cycles' unavailable
[    0.150108] core: CPUID marked event: 'cache references' unavailable
[    0.150281] core: CPUID marked event: 'cache misses' unavailable
[    0.150367] core: CPUID marked event: 'branch instructions' unavailable
[    0.150367] core: CPUID marked event: 'branch misses' unavailable
[    0.150367] ... version:                1
[    0.150367] ... bit width:              48
[    0.150367] ... generic registers:      4
[    0.150367] ... value mask:             0000ffffffffffff
[    0.150367] ... max period:             000000007fffffff
[    0.150367] ... fixed-purpose events:   0
[    0.150367] ... event mask:             000000000000000f
[    0.150367] rcu: Hierarchical SRCU implementation.
[    0.150367] NMI watchdog: Perf NMI watchdog permanently disabled
[    0.152046] smp: Bringing up secondary CPUs ...
[    0.152682] x86: Booting SMP configuration:
[    0.152885] .... node  #0, CPUs:          #1
[    0.033070] Disabled fast string operations
[    0.153970] smp: Brought up 1 node, 2 CPUs
[    0.153970] smpboot: Max logical packages: 64
[    0.153970] smpboot: Total of 2 processors activated (10367.99 BogoMIPS)
[    0.154887] devtmpfs: initialized
[    0.154887] x86/mm: Memory block size: 128MB
[    0.155024] PM: Registering ACPI NVS region [mem 0xbfeff000-0xbfefffff] (4096 bytes)
[    0.155235] clocksource: jiffies: mask: 0xffffffff max_cycles: 0xffffffff, max_idle_ns: 7645041785100000 ns
[    0.155235] futex hash table entries: 32768 (order: 9, 2097152 bytes, linear)
[    0.155615] pinctrl core: initialized pinctrl subsystem
[    0.155615] PM: RTC time: 02:45:24, date: 2021-03-04
[    0.155615] thermal_sys: Registered thermal governor 'fair_share'
[    0.155615] thermal_sys: Registered thermal governor 'bang_bang'
[    0.155615] thermal_sys: Registered thermal governor 'step_wise'
[    0.155615] thermal_sys: Registered thermal governor 'user_space'
[    0.155615] thermal_sys: Registered thermal governor 'power_allocator'
[    0.158371] NET: Registered protocol family 16
[    0.158371] DMA: preallocated 512 KiB GFP_KERNEL pool for atomic allocations
[    0.158371] DMA: preallocated 512 KiB GFP_KERNEL|GFP_DMA pool for atomic allocations
[    0.158371] DMA: preallocated 512 KiB GFP_KERNEL|GFP_DMA32 pool for atomic allocations
[    0.158371] audit: initializing netlink subsys (disabled)
[    0.158423] audit: type=2000 audit(1614825924.032:1): state=initialized audit_enabled=0 res=1
[    0.158513] EISA bus registered
[    0.158627] cpuidle: using governor ladder
[    0.162450] cpuidle: using governor menu
[    0.162464] Simple Boot Flag at 0x36 set to 0x80
[    0.162527] ACPI: bus type PCI registered
[    0.162570] acpiphp: ACPI Hot Plug PCI Controller Driver version: 0.5
[    0.163016] PCI: MMCONFIG for domain 0000 [bus 00-7f] at [mem 0xf0000000-0xf7ffffff] (base 0xf0000000)
[    0.163137] PCI: MMCONFIG at [mem 0xf0000000-0xf7ffffff] reserved in E820
[    0.163273] PCI: Using configuration type 1 for base access
[    0.164967] HugeTLB registered 1.00 GiB page size, pre-allocated 0 pages
[    0.164967] HugeTLB registered 2.00 MiB page size, pre-allocated 0 pages
[    0.174773] ACPI: Added _OSI(Module Device)
[    0.174896] ACPI: Added _OSI(Processor Device)
[    0.174996] ACPI: Added _OSI(3.0 _SCP Extensions)
[    0.175118] ACPI: Added _OSI(Processor Aggregator Device)
[    0.175261] ACPI: Added _OSI(Linux-Dell-Video)
[    0.175327] ACPI: Added _OSI(Linux-Lenovo-NV-HDMI-Audio)
[    0.175408] ACPI: Added _OSI(Linux-HPI-Hybrid-Graphics)
[    0.190367] ACPI: 1 ACPI AML tables successfully acquired and loaded
[    0.196547] ACPI: [Firmware Bug]: BIOS _OSI(Linux) query ignored
[    0.209931] ACPI: Interpreter enabled
[    0.209990] ACPI: (supports S0 S1 S4 S5)
[    0.210032] ACPI: Using IOAPIC for interrupt routing
[    0.210159] PCI: Using host bridge windows from ACPI; if necessary, use "pci=nocrs" and report a bug
[    0.210367] ACPI: Enabled 4 GPEs in block 00 to 0F
[    0.335841] ACPI: PCI Root Bridge [PCI0] (domain 0000 [bus 00-7f])
[    0.335908] acpi PNP0A03:00: _OSC: OS supports [ExtendedConfig ASPM ClockPM Segments MSI HPX-Type3]
[    0.336402] acpi PNP0A03:00: _OSC: platform does not support [AER LTR]
[    0.337159] acpi PNP0A03:00: _OSC: OS now controls [PCIeHotplug SHPCHotplug PME PCIeCapability]
[    0.338367] PCI host bridge to bus 0000:00
[    0.338367] pci_bus 0000:00: root bus resource [mem 0x000a0000-0x000bffff window]
[    0.338367] pci_bus 0000:00: root bus resource [mem 0x000d0000-0x000d3fff window]
[    0.338367] pci_bus 0000:00: root bus resource [mem 0x000d4000-0x000d7fff window]
[    0.338367] pci_bus 0000:00: root bus resource [mem 0x000d8000-0x000dbfff window]
[    0.338367] pci_bus 0000:00: root bus resource [mem 0xc0000000-0xfebfffff window]
[    0.338367] pci_bus 0000:00: root bus resource [io  0x0000-0x0cf7 window]
[    0.338367] pci_bus 0000:00: root bus resource [io  0x0d00-0xfeff window]
[    0.338367] pci_bus 0000:00: root bus resource [bus 00-7f]
[    0.338367] pci 0000:00:00.0: [8086:7190] type 00 class 0x060000
[    0.338367] pci 0000:00:01.0: [8086:7191] type 01 class 0x060400
[    0.340455] pci 0000:00:07.0: [8086:7110] type 00 class 0x060100
[    0.341632] pci 0000:00:07.1: [8086:7111] type 00 class 0x01018a
[    0.342367] pci 0000:00:07.1: reg 0x20: [io  0x1060-0x106f]
[    0.342367] pci 0000:00:07.1: legacy IDE quirk: reg 0x10: [io  0x01f0-0x01f7]
[    0.342367] pci 0000:00:07.1: legacy IDE quirk: reg 0x14: [io  0x03f6]
[    0.342367] pci 0000:00:07.1: legacy IDE quirk: reg 0x18: [io  0x0170-0x0177]
[    0.342367] pci 0000:00:07.1: legacy IDE quirk: reg 0x1c: [io  0x0376]
[    0.342367] pci 0000:00:07.3: [8086:7113] type 00 class 0x068000
[    0.342367] pci 0000:00:07.3: quirk: [io  0x1000-0x103f] claimed by PIIX4 ACPI
[    0.342367] pci 0000:00:07.3: quirk: [io  0x1040-0x104f] claimed by PIIX4 SMB
[    0.342367] pci 0000:00:07.7: [15ad:0740] type 00 class 0x088000
[    0.346838] pci 0000:00:07.7: reg 0x10: [io  0x1080-0x10bf]
[    0.347537] pci 0000:00:07.7: reg 0x14: [mem 0xfebfe000-0xfebfffff 64bit]
[    0.351973] pci 0000:00:0f.0: [15ad:0405] type 00 class 0x030000
[    0.354314] pci 0000:00:0f.0: reg 0x10: [io  0x1070-0x107f]
[    0.356598] pci 0000:00:0f.0: reg 0x14: [mem 0xe8000000-0xefffffff pref]
[    0.358386] pci 0000:00:0f.0: reg 0x18: [mem 0xfe000000-0xfe7fffff]
[    0.365550] pci 0000:00:0f.0: reg 0x30: [mem 0x00000000-0x00007fff pref]
[    0.366432] pci 0000:00:10.0: [1000:0030] type 00 class 0x010000
[    0.367780] pci 0000:00:10.0: reg 0x10: [io  0x1400-0x14ff]
[    0.369104] pci 0000:00:10.0: reg 0x14: [mem 0xfeba0000-0xfebbffff 64bit]
[    0.369872] pci 0000:00:10.0: reg 0x1c: [mem 0xfebc0000-0xfebdffff 64bit]
[    0.371012] pci 0000:00:10.0: reg 0x30: [mem 0x00000000-0x00003fff pref]
[    0.371848] pci 0000:00:11.0: [15ad:0790] type 01 class 0x060401
[    0.373941] pci 0000:00:15.0: [15ad:07a0] type 01 class 0x060400
[    0.373941] pci 0000:00:15.0: PME# supported from D0 D3hot D3cold
[    0.373941] pci 0000:00:15.1: [15ad:07a0] type 01 class 0x060400
[    0.373941] pci 0000:00:15.1: PME# supported from D0 D3hot D3cold
[    0.373941] pci 0000:00:15.2: [15ad:07a0] type 01 class 0x060400
[    0.374367] pci 0000:00:15.2: PME# supported from D0 D3hot D3cold
[    0.374367] pci 0000:00:15.3: [15ad:07a0] type 01 class 0x060400
[    0.374367] pci 0000:00:15.3: PME# supported from D0 D3hot D3cold
[    0.374367] pci 0000:00:15.4: [15ad:07a0] type 01 class 0x060400
[    0.374367] pci 0000:00:15.4: PME# supported from D0 D3hot D3cold
[    0.374867] pci 0000:00:15.5: [15ad:07a0] type 01 class 0x060400
[    0.376491] pci 0000:00:15.5: PME# supported from D0 D3hot D3cold
[    0.377140] pci 0000:00:15.6: [15ad:07a0] type 01 class 0x060400
[    0.378306] pci 0000:00:15.6: PME# supported from D0 D3hot D3cold
[    0.378367] pci 0000:00:15.7: [15ad:07a0] type 01 class 0x060400
[    0.378367] pci 0000:00:15.7: PME# supported from D0 D3hot D3cold
[    0.378367] pci 0000:00:16.0: [15ad:07a0] type 01 class 0x060400
[    0.378367] pci 0000:00:16.0: PME# supported from D0 D3hot D3cold
[    0.382869] pci 0000:00:16.1: [15ad:07a0] type 01 class 0x060400
[    0.384036] pci 0000:00:16.1: PME# supported from D0 D3hot D3cold
[    0.384602] pci 0000:00:16.2: [15ad:07a0] type 01 class 0x060400
[    0.385768] pci 0000:00:16.2: PME# supported from D0 D3hot D3cold
[    0.385768] pci 0000:00:16.3: [15ad:07a0] type 01 class 0x060400
[    0.385768] pci 0000:00:16.3: PME# supported from D0 D3hot D3cold
[    0.385768] pci 0000:00:16.4: [15ad:07a0] type 01 class 0x060400
[    0.386127] pci 0000:00:16.4: PME# supported from D0 D3hot D3cold
[    0.386367] pci 0000:00:16.5: [15ad:07a0] type 01 class 0x060400
[    0.386367] pci 0000:00:16.5: PME# supported from D0 D3hot D3cold
[    0.386367] pci 0000:00:16.6: [15ad:07a0] type 01 class 0x060400
[    0.386367] pci 0000:00:16.6: PME# supported from D0 D3hot D3cold
[    0.386367] pci 0000:00:16.7: [15ad:07a0] type 01 class 0x060400
[    0.387537] pci 0000:00:16.7: PME# supported from D0 D3hot D3cold
[    0.388324] pci 0000:00:17.0: [15ad:07a0] type 01 class 0x060400
[    0.389490] pci 0000:00:17.0: PME# supported from D0 D3hot D3cold
[    0.390179] pci 0000:00:17.1: [15ad:07a0] type 01 class 0x060400
[    0.390367] pci 0000:00:17.1: PME# supported from D0 D3hot D3cold
[    0.390367] pci 0000:00:17.2: [15ad:07a0] type 01 class 0x060400
[    0.390367] pci 0000:00:17.2: PME# supported from D0 D3hot D3cold
[    0.394795] pci 0000:00:17.3: [15ad:07a0] type 01 class 0x060400
[    0.396035] pci 0000:00:17.3: PME# supported from D0 D3hot D3cold
[    0.396603] pci 0000:00:17.4: [15ad:07a0] type 01 class 0x060400
[    0.397848] pci 0000:00:17.4: PME# supported from D0 D3hot D3cold
[    0.398406] pci 0000:00:17.5: [15ad:07a0] type 01 class 0x060400
[    0.399570] pci 0000:00:17.5: PME# supported from D0 D3hot D3cold
[    0.400257] pci 0000:00:17.6: [15ad:07a0] type 01 class 0x060400
[    0.401420] pci 0000:00:17.6: PME# supported from D0 D3hot D3cold
[    0.401996] pci 0000:00:17.7: [15ad:07a0] type 01 class 0x060400
[    0.401996] pci 0000:00:17.7: PME# supported from D0 D3hot D3cold
[    0.401996] pci 0000:00:18.0: [15ad:07a0] type 01 class 0x060400
[    0.401996] pci 0000:00:18.0: PME# supported from D0 D3hot D3cold
[    0.401996] pci 0000:00:18.1: [15ad:07a0] type 01 class 0x060400
[    0.402367] pci 0000:00:18.1: PME# supported from D0 D3hot D3cold
[    0.402367] pci 0000:00:18.2: [15ad:07a0] type 01 class 0x060400
[    0.402367] pci 0000:00:18.2: PME# supported from D0 D3hot D3cold
[    0.403015] pci 0000:00:18.3: [15ad:07a0] type 01 class 0x060400
[    0.404516] pci 0000:00:18.3: PME# supported from D0 D3hot D3cold
[    0.405139] pci 0000:00:18.4: [15ad:07a0] type 01 class 0x060400
[    0.406347] pci 0000:00:18.4: PME# supported from D0 D3hot D3cold
[    0.406367] pci 0000:00:18.5: [15ad:07a0] type 01 class 0x060400
[    0.406367] pci 0000:00:18.5: PME# supported from D0 D3hot D3cold
[    0.406367] pci 0000:00:18.6: [15ad:07a0] type 01 class 0x060400
[    0.406367] pci 0000:00:18.6: PME# supported from D0 D3hot D3cold
[    0.410989] pci 0000:00:18.7: [15ad:07a0] type 01 class 0x060400
[    0.412160] pci 0000:00:18.7: PME# supported from D0 D3hot D3cold
[    0.412160] pci_bus 0000:01: extended config space not accessible
[    0.414367] pci 0000:00:01.0: PCI bridge to [bus 01]
[    0.414448] pci_bus 0000:02: extended config space not accessible
[    0.414772] acpiphp: Slot [32] registered
[    0.414947] acpiphp: Slot [33] registered
[    0.415031] acpiphp: Slot [34] registered
[    0.415143] acpiphp: Slot [35] registered
[    0.415207] acpiphp: Slot [36] registered
[    0.415270] acpiphp: Slot [37] registered
[    0.415370] acpiphp: Slot [38] registered
[    0.415515] acpiphp: Slot [39] registered
[    0.415579] acpiphp: Slot [40] registered
[    0.415647] acpiphp: Slot [41] registered
[    0.415711] acpiphp: Slot [42] registered
[    0.415774] acpiphp: Slot [43] registered
[    0.415841] acpiphp: Slot [44] registered
[    0.415904] acpiphp: Slot [45] registered
[    0.416003] acpiphp: Slot [46] registered
[    0.416067] acpiphp: Slot [47] registered
[    0.416130] acpiphp: Slot [48] registered
[    0.416193] acpiphp: Slot [49] registered
[    0.416617] acpiphp: Slot [50] registered
[    0.416701] acpiphp: Slot [51] registered
[    0.416872] acpiphp: Slot [52] registered
[    0.417049] acpiphp: Slot [53] registered
[    0.417150] acpiphp: Slot [54] registered
[    0.417213] acpiphp: Slot [55] registered
[    0.417277] acpiphp: Slot [56] registered
[    0.417340] acpiphp: Slot [57] registered
[    0.417414] acpiphp: Slot [58] registered
[    0.417477] acpiphp: Slot [59] registered
[    0.417541] acpiphp: Slot [60] registered
[    0.417604] acpiphp: Slot [61] registered
[    0.417667] acpiphp: Slot [62] registered
[    0.417730] acpiphp: Slot [63] registered
[    0.417860] pci 0000:02:00.0: [15ad:0774] type 00 class 0x0c0300
[    0.418367] pci 0000:02:00.0: reg 0x20: [io  0x2080-0x209f]
[    0.418367] pci 0000:02:01.0: [8086:100f] type 00 class 0x020000
[    0.418367] pci 0000:02:01.0: reg 0x10: [mem 0xfd5c0000-0xfd5dffff 64bit]
[    0.422798] pci 0000:02:01.0: reg 0x18: [mem 0xfdff0000-0xfdffffff 64bit]
[    0.423737] pci 0000:02:01.0: reg 0x20: [io  0x2000-0x203f]
[    0.425335] pci 0000:02:01.0: reg 0x30: [mem 0x00000000-0x0000ffff pref]
[    0.425768] pci 0000:02:01.0: PME# supported from D0 D3hot D3cold
[    0.426436] pci 0000:02:02.0: [1274:1371] type 00 class 0x040100
[    0.426799] pci 0000:02:02.0: reg 0x10: [io  0x2040-0x207f]
[    0.429108] pci 0000:02:03.0: [15ad:0770] type 00 class 0x0c0320
[    0.429591] pci 0000:02:03.0: reg 0x10: [mem 0xfd5ef000-0xfd5effff]
[    0.432586] pci 0000:02:05.0: [15ad:07e0] type 00 class 0x010601
[    0.434539] pci 0000:02:05.0: reg 0x24: [mem 0xfd5ee000-0xfd5eefff]
[    0.434966] pci 0000:02:05.0: reg 0x30: [mem 0x00000000-0x0000ffff pref]
[    0.435705] pci 0000:02:05.0: PME# supported from D3hot
[    0.438367] pci 0000:00:11.0: PCI bridge to [bus 02] (subtractive decode)
[    0.438367] pci 0000:00:11.0:   bridge window [io  0x2000-0x3fff]
[    0.438367] pci 0000:00:11.0:   bridge window [mem 0xfd500000-0xfdffffff]
[    0.438367] pci 0000:00:11.0:   bridge window [mem 0xe7b00000-0xe7ffffff 64bit pref]
[    0.438367] pci 0000:00:11.0:   bridge window [mem 0x000a0000-0x000bffff window] (subtractive decode)
[    0.438367] pci 0000:00:11.0:   bridge window [mem 0x000d0000-0x000d3fff window] (subtractive decode)
[    0.438367] pci 0000:00:11.0:   bridge window [mem 0x000d4000-0x000d7fff window] (subtractive decode)
[    0.438367] pci 0000:00:11.0:   bridge window [mem 0x000d8000-0x000dbfff window] (subtractive decode)
[    0.438367] pci 0000:00:11.0:   bridge window [mem 0xc0000000-0xfebfffff window] (subtractive decode)
[    0.438367] pci 0000:00:11.0:   bridge window [io  0x0000-0x0cf7 window] (subtractive decode)
[    0.438367] pci 0000:00:11.0:   bridge window [io  0x0d00-0xfeff window] (subtractive decode)
[    0.446367] pci 0000:00:15.0: PCI bridge to [bus 03]
[    0.446367] pci 0000:00:15.0:   bridge window [io  0x4000-0x4fff]
[    0.446367] pci 0000:00:15.0:   bridge window [mem 0xfd400000-0xfd4fffff]
[    0.446367] pci 0000:00:15.0:   bridge window [mem 0xe7a00000-0xe7afffff 64bit pref]
[    0.446828] pci 0000:00:15.1: PCI bridge to [bus 04]
[    0.446910] pci 0000:00:15.1:   bridge window [io  0x8000-0x8fff]
[    0.446993] pci 0000:00:15.1:   bridge window [mem 0xfd000000-0xfd0fffff]
[    0.447103] pci 0000:00:15.1:   bridge window [mem 0xe7600000-0xe76fffff 64bit pref]
[    0.450367] pci 0000:00:15.2: PCI bridge to [bus 05]
[    0.454383] pci 0000:00:15.2:   bridge window [io  0xc000-0xcfff]
[    0.454466] pci 0000:00:15.2:   bridge window [mem 0xfcc00000-0xfccfffff]
[    0.454576] pci 0000:00:15.2:   bridge window [mem 0xe7200000-0xe72fffff 64bit pref]
[    0.461627] pci 0000:00:15.3: PCI bridge to [bus 06]
[    0.461728] pci 0000:00:15.3:   bridge window [mem 0xfc800000-0xfc8fffff]
[    0.461839] pci 0000:00:15.3:   bridge window [mem 0xe6e00000-0xe6efffff 64bit pref]
[    0.467485] pci 0000:00:15.4: PCI bridge to [bus 07]
[    0.467587] pci 0000:00:15.4:   bridge window [mem 0xfc400000-0xfc4fffff]
[    0.467697] pci 0000:00:15.4:   bridge window [mem 0xe6a00000-0xe6afffff 64bit pref]
[    0.470367] pci 0000:00:15.5: PCI bridge to [bus 08]
[    0.470367] pci 0000:00:15.5:   bridge window [mem 0xfc000000-0xfc0fffff]
[    0.470367] pci 0000:00:15.5:   bridge window [mem 0xe6600000-0xe66fffff 64bit pref]
[    0.478091] pci 0000:00:15.6: PCI bridge to [bus 09]
[    0.478194] pci 0000:00:15.6:   bridge window [mem 0xfbc00000-0xfbcfffff]
[    0.478304] pci 0000:00:15.6:   bridge window [mem 0xe6200000-0xe62fffff 64bit pref]
[    0.478367] pci 0000:00:15.7: PCI bridge to [bus 0a]
[    0.478412] pci 0000:00:15.7:   bridge window [mem 0xfb800000-0xfb8fffff]
[    0.478526] pci 0000:00:15.7:   bridge window [mem 0xe5e00000-0xe5efffff 64bit pref]
[    0.484084] pci 0000:00:16.0: PCI bridge to [bus 0b]
[    0.484262] pci 0000:00:16.0:   bridge window [io  0x5000-0x5fff]
[    0.484364] pci 0000:00:16.0:   bridge window [mem 0xfd300000-0xfd3fffff]
[    0.484574] pci 0000:00:16.0:   bridge window [mem 0xe7900000-0xe79fffff 64bit pref]
[    0.492154] pci 0000:00:16.1: PCI bridge to [bus 0c]
[    0.492244] pci 0000:00:16.1:   bridge window [io  0x9000-0x9fff]
[    0.492326] pci 0000:00:16.1:   bridge window [mem 0xfcf00000-0xfcffffff]
[    0.492436] pci 0000:00:16.1:   bridge window [mem 0xe7500000-0xe75fffff 64bit pref]
[    0.494367] pci 0000:00:16.2: PCI bridge to [bus 0d]
[    0.494367] pci 0000:00:16.2:   bridge window [io  0xd000-0xdfff]
[    0.494367] pci 0000:00:16.2:   bridge window [mem 0xfcb00000-0xfcbfffff]
[    0.494367] pci 0000:00:16.2:   bridge window [mem 0xe7100000-0xe71fffff 64bit pref]
[    0.498367] pci 0000:00:16.3: PCI bridge to [bus 0e]
[    0.498367] pci 0000:00:16.3:   bridge window [mem 0xfc700000-0xfc7fffff]
[    0.498367] pci 0000:00:16.3:   bridge window [mem 0xe6d00000-0xe6dfffff 64bit pref]
[    0.506367] pci 0000:00:16.4: PCI bridge to [bus 0f]
[    0.506410] pci 0000:00:16.4:   bridge window [mem 0xfc300000-0xfc3fffff]
[    0.506559] pci 0000:00:16.4:   bridge window [mem 0xe6900000-0xe69fffff 64bit pref]
[    0.510367] pci 0000:00:16.5: PCI bridge to [bus 10]
[    0.510367] pci 0000:00:16.5:   bridge window [mem 0xfbf00000-0xfbffffff]
[    0.510367] pci 0000:00:16.5:   bridge window [mem 0xe6500000-0xe65fffff 64bit pref]
[    0.514347] pci 0000:00:16.6: PCI bridge to [bus 11]
[    0.514367] pci 0000:00:16.6:   bridge window [mem 0xfbb00000-0xfbbfffff]
[    0.514367] pci 0000:00:16.6:   bridge window [mem 0xe6100000-0xe61fffff 64bit pref]
[    0.521975] pci 0000:00:16.7: PCI bridge to [bus 12]
[    0.522083] pci 0000:00:16.7:   bridge window [mem 0xfb700000-0xfb7fffff]
[    0.522193] pci 0000:00:16.7:   bridge window [mem 0xe5d00000-0xe5dfffff 64bit pref]
[    0.525655] pci 0000:00:17.0: PCI bridge to [bus 13]
[    0.525742] pci 0000:00:17.0:   bridge window [io  0x6000-0x6fff]
[    0.525824] pci 0000:00:17.0:   bridge window [mem 0xfd200000-0xfd2fffff]
[    0.525933] pci 0000:00:17.0:   bridge window [mem 0xe7800000-0xe78fffff 64bit pref]
[    0.533699] pci 0000:00:17.1: PCI bridge to [bus 14]
[    0.533787] pci 0000:00:17.1:   bridge window [io  0xa000-0xafff]
[    0.533869] pci 0000:00:17.1:   bridge window [mem 0xfce00000-0xfcefffff]
[    0.534015] pci 0000:00:17.1:   bridge window [mem 0xe7400000-0xe74fffff 64bit pref]
[    0.534367] pci 0000:00:17.2: PCI bridge to [bus 15]
[    0.534367] pci 0000:00:17.2:   bridge window [io  0xe000-0xefff]
[    0.534367] pci 0000:00:17.2:   bridge window [mem 0xfca00000-0xfcafffff]
[    0.538382] pci 0000:00:17.2:   bridge window [mem 0xe7000000-0xe70fffff 64bit pref]
[    0.545690] pci 0000:00:17.3: PCI bridge to [bus 16]
[    0.545806] pci 0000:00:17.3:   bridge window [mem 0xfc600000-0xfc6fffff]
[    0.545916] pci 0000:00:17.3:   bridge window [mem 0xe6c00000-0xe6cfffff 64bit pref]
[    0.546367] pci 0000:00:17.4: PCI bridge to [bus 17]
[    0.546367] pci 0000:00:17.4:   bridge window [mem 0xfc200000-0xfc2fffff]
[    0.546367] pci 0000:00:17.4:   bridge window [mem 0xe6800000-0xe68fffff 64bit pref]
[    0.550367] pci 0000:00:17.5: PCI bridge to [bus 18]
[    0.550367] pci 0000:00:17.5:   bridge window [mem 0xfbe00000-0xfbefffff]
[    0.550367] pci 0000:00:17.5:   bridge window [mem 0xe6400000-0xe64fffff 64bit pref]
[    0.558367] pci 0000:00:17.6: PCI bridge to [bus 19]
[    0.558404] pci 0000:00:17.6:   bridge window [mem 0xfba00000-0xfbafffff]
[    0.558512] pci 0000:00:17.6:   bridge window [mem 0xe6000000-0xe60fffff 64bit pref]
[    0.562365] pci 0000:00:17.7: PCI bridge to [bus 1a]
[    0.562367] pci 0000:00:17.7:   bridge window [mem 0xfb600000-0xfb6fffff]
[    0.562367] pci 0000:00:17.7:   bridge window [mem 0xe5c00000-0xe5cfffff 64bit pref]
[    0.564703] pci 0000:00:18.0: PCI bridge to [bus 1b]
[    0.564773] pci 0000:00:18.0:   bridge window [io  0x7000-0x7fff]
[    0.564849] pci 0000:00:18.0:   bridge window [mem 0xfd100000-0xfd1fffff]
[    0.564951] pci 0000:00:18.0:   bridge window [mem 0xe7700000-0xe77fffff 64bit pref]
[    0.571718] pci 0000:00:18.1: PCI bridge to [bus 1c]
[    0.571799] pci 0000:00:18.1:   bridge window [io  0xb000-0xbfff]
[    0.571879] pci 0000:00:18.1:   bridge window [mem 0xfcd00000-0xfcdfffff]
[    0.571983] pci 0000:00:18.1:   bridge window [mem 0xe7300000-0xe73fffff 64bit pref]
[    0.574367] pci 0000:00:18.2: PCI bridge to [bus 1d]
[    0.574367] pci 0000:00:18.2:   bridge window [mem 0xfc900000-0xfc9fffff]
[    0.574367] pci 0000:00:18.2:   bridge window [mem 0xe6f00000-0xe6ffffff 64bit pref]
[    0.582367] pci 0000:00:18.3: PCI bridge to [bus 1e]
[    0.582367] pci 0000:00:18.3:   bridge window [mem 0xfc500000-0xfc5fffff]
[    0.582367] pci 0000:00:18.3:   bridge window [mem 0xe6b00000-0xe6bfffff 64bit pref]
[    0.582367] pci 0000:00:18.4: PCI bridge to [bus 1f]
[    0.582367] pci 0000:00:18.4:   bridge window [mem 0xfc100000-0xfc1fffff]
[    0.582367] pci 0000:00:18.4:   bridge window [mem 0xe6700000-0xe67fffff 64bit pref]
[    0.593265] pci 0000:00:18.5: PCI bridge to [bus 20]
[    0.593412] pci 0000:00:18.5:   bridge window [mem 0xfbd00000-0xfbdfffff]
[    0.593569] pci 0000:00:18.5:   bridge window [mem 0xe6300000-0xe63fffff 64bit pref]
[    0.599409] pci 0000:00:18.6: PCI bridge to [bus 21]
[    0.599512] pci 0000:00:18.6:   bridge window [mem 0xfb900000-0xfb9fffff]
[    0.599623] pci 0000:00:18.6:   bridge window [mem 0xe5f00000-0xe5ffffff 64bit pref]
[    0.602475] pci 0000:00:18.7: PCI bridge to [bus 22]
[    0.602639] pci 0000:00:18.7:   bridge window [mem 0xfb500000-0xfb5fffff]
[    0.602750] pci 0000:00:18.7:   bridge window [mem 0xe5b00000-0xe5bfffff 64bit pref]
[    0.605896] ACPI: PCI Interrupt Link [LNKA] (IRQs 3 4 5 6 7 *9 10 11 14 15)
[    0.606065] ACPI: PCI Interrupt Link [LNKB] (IRQs 3 4 5 6 7 9 10 *11 14 15)
[    0.606227] ACPI: PCI Interrupt Link [LNKC] (IRQs 3 4 5 6 7 9 *10 11 14 15)
[    0.606367] ACPI: PCI Interrupt Link [LNKD] (IRQs 3 4 5 6 *7 9 10 11 14 15)
[    0.638412] iommu: Default domain type: Translated 
[    0.638504] pci 0000:00:0f.0: vgaarb: setting as boot VGA device
[    0.638504] pci 0000:00:0f.0: vgaarb: VGA device added: decodes=io+mem,owns=io+mem,locks=none
[    0.638531] pci 0000:00:0f.0: vgaarb: bridge control possible
[    0.638676] vgaarb: loaded
[    0.638880] SCSI subsystem initialized
[    0.639038] libata version 3.00 loaded.
[    0.639038] ACPI: bus type USB registered
[    0.639038] usbcore: registered new interface driver usbfs
[    0.639038] usbcore: registered new interface driver hub
[    0.639038] usbcore: registered new device driver usb
[    0.639038] pps_core: LinuxPPS API ver. 1 registered
[    0.639038] pps_core: Software ver. 5.3.6 - Copyright 2005-2007 Rodolfo Giometti <giometti@linux.it>
[    0.639038] PTP clock support registered
[    0.639093] EDAC MC: Ver: 3.0.0
[    0.642934] NetLabel: Initializing
[    0.642934] NetLabel:  domain hash size = 128
[    0.642934] NetLabel:  protocols = UNLABELED CIPSOv4 CALIPSO
[    0.643034] NetLabel:  unlabeled traffic allowed by default
[    0.643235] PCI: Using ACPI for IRQ routing
[    0.671847] PCI: pci_cache_line_size set to 64 bytes
[    0.673565] e820: reserve RAM buffer [mem 0x0009e800-0x0009ffff]
[    0.673577] e820: reserve RAM buffer [mem 0xbfed0000-0xbfffffff]
[    0.673599] hpet0: at MMIO 0xfed00000, IRQs 2, 8, 0, 0, 0, 0, 0, 0, 0, 0, 0, 0, 0, 0, 0, 0
[    0.673599] hpet0: 16 comparators, 64-bit 14.318180 MHz counter
[    0.673599] clocksource: Switched to clocksource tsc-early
[    0.689999] VFS: Disk quotas dquot_6.6.0
[    0.690097] VFS: Dquot-cache hash table entries: 512 (order 0, 4096 bytes)
[    0.690319] AppArmor: AppArmor Filesystem Enabled
[    0.690383] pnp: PnP ACPI init
[    0.690618] system 00:00: [io  0x1000-0x103f] has been reserved
[    0.690673] system 00:00: [io  0x1040-0x104f] has been reserved
[    0.690725] system 00:00: [io  0x0cf0-0x0cf1] has been reserved
[    0.690780] system 00:00: Plug and Play ACPI device, IDs PNP0c02 (active)
[    0.690841] pnp 00:01: Plug and Play ACPI device, IDs PNP0b00 (active)
[    0.690876] pnp 00:02: Plug and Play ACPI device, IDs PNP0303 (active)
[    0.690921] pnp 00:03: Plug and Play ACPI device, IDs VMW0003 PNP0f13 (active)
[    0.691134] system 00:04: [mem 0xfed00000-0xfed003ff] has been reserved
[    0.691195] system 00:04: Plug and Play ACPI device, IDs PNP0103 PNP0c01 (active)
[    0.693388] pnp 00:05: Plug and Play ACPI device, IDs PNP0501 (active)
[    0.693843] system 00:06: [io  0xfce0-0xfcff] has been reserved
[    0.693900] system 00:06: [mem 0xf0000000-0xf7ffffff] has been reserved
[    0.693957] system 00:06: [mem 0xfe800000-0xfe9fffff] has been reserved
[    0.694016] system 00:06: Plug and Play ACPI device, IDs PNP0c02 (active)
[    0.732687] pnp: PnP ACPI: found 7 devices
[    0.747313] clocksource: acpi_pm: mask: 0xffffff max_cycles: 0xffffff, max_idle_ns: 2085701024 ns
[    0.747534] NET: Registered protocol family 2
[    0.747757] tcp_listen_portaddr_hash hash table entries: 2048 (order: 3, 32768 bytes, linear)
[    0.747904] TCP established hash table entries: 32768 (order: 6, 262144 bytes, linear)
[    0.748131] TCP bind hash table entries: 32768 (order: 7, 524288 bytes, linear)
[    0.748226] TCP: Hash tables configured (established 32768 bind 32768)
[    0.748751] UDP hash table entries: 2048 (order: 4, 65536 bytes, linear)
[    0.748839] UDP-Lite hash table entries: 2048 (order: 4, 65536 bytes, linear)
[    0.749108] NET: Registered protocol family 1
[    0.749160] NET: Registered protocol family 44
[    0.749221] pci 0000:00:15.3: bridge window [io  0x1000-0x0fff] to [bus 06] add_size 1000
[    0.749319] pci 0000:00:15.4: bridge window [io  0x1000-0x0fff] to [bus 07] add_size 1000
[    0.749394] pci 0000:00:15.5: bridge window [io  0x1000-0x0fff] to [bus 08] add_size 1000
[    0.749468] pci 0000:00:15.6: bridge window [io  0x1000-0x0fff] to [bus 09] add_size 1000
[    0.749542] pci 0000:00:15.7: bridge window [io  0x1000-0x0fff] to [bus 0a] add_size 1000
[    0.749616] pci 0000:00:16.3: bridge window [io  0x1000-0x0fff] to [bus 0e] add_size 1000
[    0.749690] pci 0000:00:16.4: bridge window [io  0x1000-0x0fff] to [bus 0f] add_size 1000
[    0.749764] pci 0000:00:16.5: bridge window [io  0x1000-0x0fff] to [bus 10] add_size 1000
[    0.749838] pci 0000:00:16.6: bridge window [io  0x1000-0x0fff] to [bus 11] add_size 1000
[    0.749912] pci 0000:00:16.7: bridge window [io  0x1000-0x0fff] to [bus 12] add_size 1000
[    0.750024] pci 0000:00:17.3: bridge window [io  0x1000-0x0fff] to [bus 16] add_size 1000
[    0.750311] pci 0000:00:17.4: bridge window [io  0x1000-0x0fff] to [bus 17] add_size 1000
[    0.750397] pci 0000:00:17.5: bridge window [io  0x1000-0x0fff] to [bus 18] add_size 1000
[    0.750466] pci 0000:00:17.6: bridge window [io  0x1000-0x0fff] to [bus 19] add_size 1000
[    0.750536] pci 0000:00:17.7: bridge window [io  0x1000-0x0fff] to [bus 1a] add_size 1000
[    0.750605] pci 0000:00:18.2: bridge window [io  0x1000-0x0fff] to [bus 1d] add_size 1000
[    0.750675] pci 0000:00:18.3: bridge window [io  0x1000-0x0fff] to [bus 1e] add_size 1000
[    0.750745] pci 0000:00:18.4: bridge window [io  0x1000-0x0fff] to [bus 1f] add_size 1000
[    0.750821] pci 0000:00:18.5: bridge window [io  0x1000-0x0fff] to [bus 20] add_size 1000
[    0.750895] pci 0000:00:18.6: bridge window [io  0x1000-0x0fff] to [bus 21] add_size 1000
[    0.751002] pci 0000:00:18.7: bridge window [io  0x1000-0x0fff] to [bus 22] add_size 1000
[    0.751088] pci 0000:00:0f.0: BAR 6: assigned [mem 0xc0000000-0xc0007fff pref]
[    0.751152] pci 0000:00:10.0: BAR 6: assigned [mem 0xc0008000-0xc000bfff pref]
[    0.751217] pci 0000:00:15.3: BAR 13: no space for [io  size 0x1000]
[    0.751348] pci 0000:00:15.3: BAR 13: failed to assign [io  size 0x1000]
[    0.751407] pci 0000:00:15.4: BAR 13: no space for [io  size 0x1000]
[    0.751462] pci 0000:00:15.4: BAR 13: failed to assign [io  size 0x1000]
[    0.751519] pci 0000:00:15.5: BAR 13: no space for [io  size 0x1000]
[    0.751574] pci 0000:00:15.5: BAR 13: failed to assign [io  size 0x1000]
[    0.751631] pci 0000:00:15.6: BAR 13: no space for [io  size 0x1000]
[    0.751685] pci 0000:00:15.6: BAR 13: failed to assign [io  size 0x1000]
[    0.751743] pci 0000:00:15.7: BAR 13: no space for [io  size 0x1000]
[    0.751797] pci 0000:00:15.7: BAR 13: failed to assign [io  size 0x1000]
[    0.751855] pci 0000:00:16.3: BAR 13: no space for [io  size 0x1000]
[    0.751909] pci 0000:00:16.3: BAR 13: failed to assign [io  size 0x1000]
[    0.751967] pci 0000:00:16.4: BAR 13: no space for [io  size 0x1000]
[    0.752021] pci 0000:00:16.4: BAR 13: failed to assign [io  size 0x1000]
[    0.752078] pci 0000:00:16.5: BAR 13: no space for [io  size 0x1000]
[    0.752133] pci 0000:00:16.5: BAR 13: failed to assign [io  size 0x1000]
[    0.752190] pci 0000:00:16.6: BAR 13: no space for [io  size 0x1000]
[    0.752256] pci 0000:00:16.6: BAR 13: failed to assign [io  size 0x1000]
[    0.752314] pci 0000:00:16.7: BAR 13: no space for [io  size 0x1000]
[    0.752368] pci 0000:00:16.7: BAR 13: failed to assign [io  size 0x1000]
[    0.752429] pci 0000:00:17.3: BAR 13: no space for [io  size 0x1000]
[    0.752484] pci 0000:00:17.3: BAR 13: failed to assign [io  size 0x1000]
[    0.752541] pci 0000:00:17.4: BAR 13: no space for [io  size 0x1000]
[    0.752596] pci 0000:00:17.4: BAR 13: failed to assign [io  size 0x1000]
[    0.752653] pci 0000:00:17.5: BAR 13: no space for [io  size 0x1000]
[    0.752708] pci 0000:00:17.5: BAR 13: failed to assign [io  size 0x1000]
[    0.752765] pci 0000:00:17.6: BAR 13: no space for [io  size 0x1000]
[    0.752819] pci 0000:00:17.6: BAR 13: failed to assign [io  size 0x1000]
[    0.752877] pci 0000:00:17.7: BAR 13: no space for [io  size 0x1000]
[    0.752931] pci 0000:00:17.7: BAR 13: failed to assign [io  size 0x1000]
[    0.752989] pci 0000:00:18.2: BAR 13: no space for [io  size 0x1000]
[    0.753043] pci 0000:00:18.2: BAR 13: failed to assign [io  size 0x1000]
[    0.753100] pci 0000:00:18.3: BAR 13: no space for [io  size 0x1000]
[    0.753155] pci 0000:00:18.3: BAR 13: failed to assign [io  size 0x1000]
[    0.753212] pci 0000:00:18.4: BAR 13: no space for [io  size 0x1000]
[    0.753288] pci 0000:00:18.4: BAR 13: failed to assign [io  size 0x1000]
[    0.753347] pci 0000:00:18.5: BAR 13: no space for [io  size 0x1000]
[    0.753401] pci 0000:00:18.5: BAR 13: failed to assign [io  size 0x1000]
[    0.753458] pci 0000:00:18.6: BAR 13: no space for [io  size 0x1000]
[    0.753513] pci 0000:00:18.6: BAR 13: failed to assign [io  size 0x1000]
[    0.753570] pci 0000:00:18.7: BAR 13: no space for [io  size 0x1000]
[    0.753624] pci 0000:00:18.7: BAR 13: failed to assign [io  size 0x1000]
[    0.753685] pci 0000:00:18.7: BAR 13: no space for [io  size 0x1000]
[    0.753739] pci 0000:00:18.7: BAR 13: failed to assign [io  size 0x1000]
[    0.753796] pci 0000:00:18.6: BAR 13: no space for [io  size 0x1000]
[    0.753851] pci 0000:00:18.6: BAR 13: failed to assign [io  size 0x1000]
[    0.753908] pci 0000:00:18.5: BAR 13: no space for [io  size 0x1000]
[    0.753963] pci 0000:00:18.5: BAR 13: failed to assign [io  size 0x1000]
[    0.754020] pci 0000:00:18.4: BAR 13: no space for [io  size 0x1000]
[    0.754075] pci 0000:00:18.4: BAR 13: failed to assign [io  size 0x1000]
[    0.754132] pci 0000:00:18.3: BAR 13: no space for [io  size 0x1000]
[    0.754187] pci 0000:00:18.3: BAR 13: failed to assign [io  size 0x1000]
[    0.754303] pci 0000:00:18.2: BAR 13: no space for [io  size 0x1000]
[    0.754410] pci 0000:00:18.2: BAR 13: failed to assign [io  size 0x1000]
[    0.754484] pci 0000:00:17.7: BAR 13: no space for [io  size 0x1000]
[    0.754554] pci 0000:00:17.7: BAR 13: failed to assign [io  size 0x1000]
[    0.754612] pci 0000:00:17.6: BAR 13: no space for [io  size 0x1000]
[    0.754666] pci 0000:00:17.6: BAR 13: failed to assign [io  size 0x1000]
[    0.754723] pci 0000:00:17.5: BAR 13: no space for [io  size 0x1000]
[    0.754778] pci 0000:00:17.5: BAR 13: failed to assign [io  size 0x1000]
[    0.754835] pci 0000:00:17.4: BAR 13: no space for [io  size 0x1000]
[    0.754889] pci 0000:00:17.4: BAR 13: failed to assign [io  size 0x1000]
[    0.754947] pci 0000:00:17.3: BAR 13: no space for [io  size 0x1000]
[    0.755001] pci 0000:00:17.3: BAR 13: failed to assign [io  size 0x1000]
[    0.755058] pci 0000:00:16.7: BAR 13: no space for [io  size 0x1000]
[    0.755113] pci 0000:00:16.7: BAR 13: failed to assign [io  size 0x1000]
[    0.755170] pci 0000:00:16.6: BAR 13: no space for [io  size 0x1000]
[    0.755224] pci 0000:00:16.6: BAR 13: failed to assign [io  size 0x1000]
[    0.755300] pci 0000:00:16.5: BAR 13: no space for [io  size 0x1000]
[    0.755355] pci 0000:00:16.5: BAR 13: failed to assign [io  size 0x1000]
[    0.755412] pci 0000:00:16.4: BAR 13: no space for [io  size 0x1000]
[    0.755627] pci 0000:00:16.4: BAR 13: failed to assign [io  size 0x1000]
[    0.755685] pci 0000:00:16.3: BAR 13: no space for [io  size 0x1000]
[    0.755739] pci 0000:00:16.3: BAR 13: failed to assign [io  size 0x1000]
[    0.755796] pci 0000:00:15.7: BAR 13: no space for [io  size 0x1000]
[    0.755851] pci 0000:00:15.7: BAR 13: failed to assign [io  size 0x1000]
[    0.755908] pci 0000:00:15.6: BAR 13: no space for [io  size 0x1000]
[    0.755962] pci 0000:00:15.6: BAR 13: failed to assign [io  size 0x1000]
[    0.756019] pci 0000:00:15.5: BAR 13: no space for [io  size 0x1000]
[    0.756074] pci 0000:00:15.5: BAR 13: failed to assign [io  size 0x1000]
[    0.756131] pci 0000:00:15.4: BAR 13: no space for [io  size 0x1000]
[    0.756185] pci 0000:00:15.4: BAR 13: failed to assign [io  size 0x1000]
[    0.756254] pci 0000:00:15.3: BAR 13: no space for [io  size 0x1000]
[    0.756309] pci 0000:00:15.3: BAR 13: failed to assign [io  size 0x1000]
[    0.756367] pci 0000:00:01.0: PCI bridge to [bus 01]
[    0.756536] pci 0000:02:01.0: BAR 6: assigned [mem 0xfd500000-0xfd50ffff pref]
[    0.756601] pci 0000:02:05.0: BAR 6: assigned [mem 0xfd510000-0xfd51ffff pref]
[    0.756664] pci 0000:00:11.0: PCI bridge to [bus 02]
[    0.756722] pci 0000:00:11.0:   bridge window [io  0x2000-0x3fff]
[    0.756810] pci 0000:00:11.0:   bridge window [mem 0xfd500000-0xfdffffff]
[    0.756890] pci 0000:00:11.0:   bridge window [mem 0xe7b00000-0xe7ffffff 64bit pref]
[    0.757002] pci 0000:00:15.0: PCI bridge to [bus 03]
[    0.757059] pci 0000:00:15.0:   bridge window [io  0x4000-0x4fff]
[    0.757146] pci 0000:00:15.0:   bridge window [mem 0xfd400000-0xfd4fffff]
[    0.757241] pci 0000:00:15.0:   bridge window [mem 0xe7a00000-0xe7afffff 64bit pref]
[    0.757472] pci 0000:00:15.1: PCI bridge to [bus 04]
[    0.757532] pci 0000:00:15.1:   bridge window [io  0x8000-0x8fff]
[    0.757619] pci 0000:00:15.1:   bridge window [mem 0xfd000000-0xfd0fffff]
[    0.757699] pci 0000:00:15.1:   bridge window [mem 0xe7600000-0xe76fffff 64bit pref]
[    0.757822] pci 0000:00:15.2: PCI bridge to [bus 05]
[    0.757880] pci 0000:00:15.2:   bridge window [io  0xc000-0xcfff]
[    0.757967] pci 0000:00:15.2:   bridge window [mem 0xfcc00000-0xfccfffff]
[    0.758078] pci 0000:00:15.2:   bridge window [mem 0xe7200000-0xe72fffff 64bit pref]
[    0.758237] pci 0000:00:15.3: PCI bridge to [bus 06]
[    0.758375] pci 0000:00:15.3:   bridge window [mem 0xfc800000-0xfc8fffff]
[    0.758537] pci 0000:00:15.3:   bridge window [mem 0xe6e00000-0xe6efffff 64bit pref]
[    0.758705] pci 0000:00:15.4: PCI bridge to [bus 07]
[    0.758809] pci 0000:00:15.4:   bridge window [mem 0xfc400000-0xfc4fffff]
[    0.758931] pci 0000:00:15.4:   bridge window [mem 0xe6a00000-0xe6afffff 64bit pref]
[    0.759056] pci 0000:00:15.5: PCI bridge to [bus 08]
[    0.759136] pci 0000:00:15.5:   bridge window [mem 0xfc000000-0xfc0fffff]
[    0.759217] pci 0000:00:15.5:   bridge window [mem 0xe6600000-0xe66fffff 64bit pref]
[    0.759349] pci 0000:00:15.6: PCI bridge to [bus 09]
[    0.759429] pci 0000:00:15.6:   bridge window [mem 0xfbc00000-0xfbcfffff]
[    0.759511] pci 0000:00:15.6:   bridge window [mem 0xe6200000-0xe62fffff 64bit pref]
[    0.759632] pci 0000:00:15.7: PCI bridge to [bus 0a]
[    0.759713] pci 0000:00:15.7:   bridge window [mem 0xfb800000-0xfb8fffff]
[    0.759793] pci 0000:00:15.7:   bridge window [mem 0xe5e00000-0xe5efffff 64bit pref]
[    0.759914] pci 0000:00:16.0: PCI bridge to [bus 0b]
[    0.759973] pci 0000:00:16.0:   bridge window [io  0x5000-0x5fff]
[    0.760060] pci 0000:00:16.0:   bridge window [mem 0xfd300000-0xfd3fffff]
[    0.760140] pci 0000:00:16.0:   bridge window [mem 0xe7900000-0xe79fffff 64bit pref]
[    0.760271] pci 0000:00:16.1: PCI bridge to [bus 0c]
[    0.760329] pci 0000:00:16.1:   bridge window [io  0x9000-0x9fff]
[    0.760416] pci 0000:00:16.1:   bridge window [mem 0xfcf00000-0xfcffffff]
[    0.760497] pci 0000:00:16.1:   bridge window [mem 0xe7500000-0xe75fffff 64bit pref]
[    0.760618] pci 0000:00:16.2: PCI bridge to [bus 0d]
[    0.760676] pci 0000:00:16.2:   bridge window [io  0xd000-0xdfff]
[    0.760763] pci 0000:00:16.2:   bridge window [mem 0xfcb00000-0xfcbfffff]
[    0.760844] pci 0000:00:16.2:   bridge window [mem 0xe7100000-0xe71fffff 64bit pref]
[    0.760965] pci 0000:00:16.3: PCI bridge to [bus 0e]
[    0.761046] pci 0000:00:16.3:   bridge window [mem 0xfc700000-0xfc7fffff]
[    0.761126] pci 0000:00:16.3:   bridge window [mem 0xe6d00000-0xe6dfffff 64bit pref]
[    0.761334] pci 0000:00:16.4: PCI bridge to [bus 0f]
[    0.761542] pci 0000:00:16.4:   bridge window [mem 0xfc300000-0xfc3fffff]
[    0.761790] pci 0000:00:16.4:   bridge window [mem 0xe6900000-0xe69fffff 64bit pref]
[    0.762092] pci 0000:00:16.5: PCI bridge to [bus 10]
[    0.762351] pci 0000:00:16.5:   bridge window [mem 0xfbf00000-0xfbffffff]
[    0.762560] pci 0000:00:16.5:   bridge window [mem 0xe6500000-0xe65fffff 64bit pref]
[    0.762903] pci 0000:00:16.6: PCI bridge to [bus 11]
[    0.763103] pci 0000:00:16.6:   bridge window [mem 0xfbb00000-0xfbbfffff]
[    0.763220] pci 0000:00:16.6:   bridge window [mem 0xe6100000-0xe61fffff 64bit pref]
[    0.763349] pci 0000:00:16.7: PCI bridge to [bus 12]
[    0.763443] pci 0000:00:16.7:   bridge window [mem 0xfb700000-0xfb7fffff]
[    0.763523] pci 0000:00:16.7:   bridge window [mem 0xe5d00000-0xe5dfffff 64bit pref]
[    0.763673] pci 0000:00:17.0: PCI bridge to [bus 13]
[    0.763749] pci 0000:00:17.0:   bridge window [io  0x6000-0x6fff]
[    0.763842] pci 0000:00:17.0:   bridge window [mem 0xfd200000-0xfd2fffff]
[    0.763928] pci 0000:00:17.0:   bridge window [mem 0xe7800000-0xe78fffff 64bit pref]
[    0.764057] pci 0000:00:17.1: PCI bridge to [bus 14]
[    0.764119] pci 0000:00:17.1:   bridge window [io  0xa000-0xafff]
[    0.764214] pci 0000:00:17.1:   bridge window [mem 0xfce00000-0xfcefffff]
[    0.764301] pci 0000:00:17.1:   bridge window [mem 0xe7400000-0xe74fffff 64bit pref]
[    0.764648] pci 0000:00:17.2: PCI bridge to [bus 15]
[    0.764722] pci 0000:00:17.2:   bridge window [io  0xe000-0xefff]
[    0.764810] pci 0000:00:17.2:   bridge window [mem 0xfca00000-0xfcafffff]
[    0.764891] pci 0000:00:17.2:   bridge window [mem 0xe7000000-0xe70fffff 64bit pref]
[    0.765012] pci 0000:00:17.3: PCI bridge to [bus 16]
[    0.765093] pci 0000:00:17.3:   bridge window [mem 0xfc600000-0xfc6fffff]
[    0.765181] pci 0000:00:17.3:   bridge window [mem 0xe6c00000-0xe6cfffff 64bit pref]
[    0.765455] pci 0000:00:17.4: PCI bridge to [bus 17]
[    0.765535] pci 0000:00:17.4:   bridge window [mem 0xfc200000-0xfc2fffff]
[    0.765616] pci 0000:00:17.4:   bridge window [mem 0xe6800000-0xe68fffff 64bit pref]
[    0.765739] pci 0000:00:17.5: PCI bridge to [bus 18]
[    0.765819] pci 0000:00:17.5:   bridge window [mem 0xfbe00000-0xfbefffff]
[    0.765900] pci 0000:00:17.5:   bridge window [mem 0xe6400000-0xe64fffff 64bit pref]
[    0.766022] pci 0000:00:17.6: PCI bridge to [bus 19]
[    0.766102] pci 0000:00:17.6:   bridge window [mem 0xfba00000-0xfbafffff]
[    0.766183] pci 0000:00:17.6:   bridge window [mem 0xe6000000-0xe60fffff 64bit pref]
[    0.766316] pci 0000:00:17.7: PCI bridge to [bus 1a]
[    0.766405] pci 0000:00:17.7:   bridge window [mem 0xfb600000-0xfb6fffff]
[    0.766486] pci 0000:00:17.7:   bridge window [mem 0xe5c00000-0xe5cfffff 64bit pref]
[    0.766608] pci 0000:00:18.0: PCI bridge to [bus 1b]
[    0.766667] pci 0000:00:18.0:   bridge window [io  0x7000-0x7fff]
[    0.766755] pci 0000:00:18.0:   bridge window [mem 0xfd100000-0xfd1fffff]
[    0.766836] pci 0000:00:18.0:   bridge window [mem 0xe7700000-0xe77fffff 64bit pref]
[    0.766957] pci 0000:00:18.1: PCI bridge to [bus 1c]
[    0.767016] pci 0000:00:18.1:   bridge window [io  0xb000-0xbfff]
[    0.767103] pci 0000:00:18.1:   bridge window [mem 0xfcd00000-0xfcdfffff]
[    0.767184] pci 0000:00:18.1:   bridge window [mem 0xe7300000-0xe73fffff 64bit pref]
[    0.767316] pci 0000:00:18.2: PCI bridge to [bus 1d]
[    0.767397] pci 0000:00:18.2:   bridge window [mem 0xfc900000-0xfc9fffff]
[    0.767478] pci 0000:00:18.2:   bridge window [mem 0xe6f00000-0xe6ffffff 64bit pref]
[    0.767599] pci 0000:00:18.3: PCI bridge to [bus 1e]
[    0.767679] pci 0000:00:18.3:   bridge window [mem 0xfc500000-0xfc5fffff]
[    0.767760] pci 0000:00:18.3:   bridge window [mem 0xe6b00000-0xe6bfffff 64bit pref]
[    0.767881] pci 0000:00:18.4: PCI bridge to [bus 1f]
[    0.767962] pci 0000:00:18.4:   bridge window [mem 0xfc100000-0xfc1fffff]
[    0.768043] pci 0000:00:18.4:   bridge window [mem 0xe6700000-0xe67fffff 64bit pref]
[    0.768164] pci 0000:00:18.5: PCI bridge to [bus 20]
[    0.768266] pci 0000:00:18.5:   bridge window [mem 0xfbd00000-0xfbdfffff]
[    0.768346] pci 0000:00:18.5:   bridge window [mem 0xe6300000-0xe63fffff 64bit pref]
[    0.768469] pci 0000:00:18.6: PCI bridge to [bus 21]
[    0.768550] pci 0000:00:18.6:   bridge window [mem 0xfb900000-0xfb9fffff]
[    0.768631] pci 0000:00:18.6:   bridge window [mem 0xe5f00000-0xe5ffffff 64bit pref]
[    0.768752] pci 0000:00:18.7: PCI bridge to [bus 22]
[    0.768833] pci 0000:00:18.7:   bridge window [mem 0xfb500000-0xfb5fffff]
[    0.768913] pci 0000:00:18.7:   bridge window [mem 0xe5b00000-0xe5bfffff 64bit pref]
[    0.769035] pci_bus 0000:00: resource 4 [mem 0x000a0000-0x000bffff window]
[    0.769095] pci_bus 0000:00: resource 5 [mem 0x000d0000-0x000d3fff window]
[    0.769153] pci_bus 0000:00: resource 6 [mem 0x000d4000-0x000d7fff window]
[    0.769227] pci_bus 0000:00: resource 7 [mem 0x000d8000-0x000dbfff window]
[    0.769285] pci_bus 0000:00: resource 8 [mem 0xc0000000-0xfebfffff window]
[    0.769343] pci_bus 0000:00: resource 9 [io  0x0000-0x0cf7 window]
[    0.769396] pci_bus 0000:00: resource 10 [io  0x0d00-0xfeff window]
[    0.769451] pci_bus 0000:02: resource 0 [io  0x2000-0x3fff]
[    0.769501] pci_bus 0000:02: resource 1 [mem 0xfd500000-0xfdffffff]
[    0.769554] pci_bus 0000:02: resource 2 [mem 0xe7b00000-0xe7ffffff 64bit pref]
[    0.769617] pci_bus 0000:02: resource 4 [mem 0x000a0000-0x000bffff window]
[    0.769675] pci_bus 0000:02: resource 5 [mem 0x000d0000-0x000d3fff window]
[    0.769733] pci_bus 0000:02: resource 6 [mem 0x000d4000-0x000d7fff window]
[    0.769791] pci_bus 0000:02: resource 7 [mem 0x000d8000-0x000dbfff window]
[    0.769849] pci_bus 0000:02: resource 8 [mem 0xc0000000-0xfebfffff window]
[    0.769907] pci_bus 0000:02: resource 9 [io  0x0000-0x0cf7 window]
[    0.769961] pci_bus 0000:02: resource 10 [io  0x0d00-0xfeff window]
[    0.770176] pci_bus 0000:03: resource 0 [io  0x4000-0x4fff]
[    0.770251] pci_bus 0000:03: resource 1 [mem 0xfd400000-0xfd4fffff]
[    0.770308] pci_bus 0000:03: resource 2 [mem 0xe7a00000-0xe7afffff 64bit pref]
[    0.770375] pci_bus 0000:04: resource 0 [io  0x8000-0x8fff]
[    0.770379] pci_bus 0000:04: resource 1 [mem 0xfd000000-0xfd0fffff]
[    0.770379] pci_bus 0000:04: resource 2 [mem 0xe7600000-0xe76fffff 64bit pref]
[    0.770379] pci_bus 0000:05: resource 0 [io  0xc000-0xcfff]
[    0.770379] pci_bus 0000:05: resource 1 [mem 0xfcc00000-0xfccfffff]
[    0.770379] pci_bus 0000:05: resource 2 [mem 0xe7200000-0xe72fffff 64bit pref]
[    0.770379] pci_bus 0000:06: resource 1 [mem 0xfc800000-0xfc8fffff]
[    0.770379] pci_bus 0000:06: resource 2 [mem 0xe6e00000-0xe6efffff 64bit pref]
[    0.770379] pci_bus 0000:07: resource 1 [mem 0xfc400000-0xfc4fffff]
[    0.770379] pci_bus 0000:07: resource 2 [mem 0xe6a00000-0xe6afffff 64bit pref]
[    0.770379] pci_bus 0000:08: resource 1 [mem 0xfc000000-0xfc0fffff]
[    0.770379] pci_bus 0000:08: resource 2 [mem 0xe6600000-0xe66fffff 64bit pref]
[    0.770379] pci_bus 0000:09: resource 1 [mem 0xfbc00000-0xfbcfffff]
[    0.770379] pci_bus 0000:09: resource 2 [mem 0xe6200000-0xe62fffff 64bit pref]
[    0.771237] pci_bus 0000:0a: resource 1 [mem 0xfb800000-0xfb8fffff]
[    0.771294] pci_bus 0000:0a: resource 2 [mem 0xe5e00000-0xe5efffff 64bit pref]
[    0.771361] pci_bus 0000:0b: resource 0 [io  0x5000-0x5fff]
[    0.771413] pci_bus 0000:0b: resource 1 [mem 0xfd300000-0xfd3fffff]
[    0.771470] pci_bus 0000:0b: resource 2 [mem 0xe7900000-0xe79fffff 64bit pref]
[    0.771537] pci_bus 0000:0c: resource 0 [io  0x9000-0x9fff]
[    0.771588] pci_bus 0000:0c: resource 1 [mem 0xfcf00000-0xfcffffff]
[    0.771645] pci_bus 0000:0c: resource 2 [mem 0xe7500000-0xe75fffff 64bit pref]
[    0.771712] pci_bus 0000:0d: resource 0 [io  0xd000-0xdfff]
[    0.771764] pci_bus 0000:0d: resource 1 [mem 0xfcb00000-0xfcbfffff]
[    0.771820] pci_bus 0000:0d: resource 2 [mem 0xe7100000-0xe71fffff 64bit pref]
[    0.771887] pci_bus 0000:0e: resource 1 [mem 0xfc700000-0xfc7fffff]
[    0.771944] pci_bus 0000:0e: resource 2 [mem 0xe6d00000-0xe6dfffff 64bit pref]
[    0.772010] pci_bus 0000:0f: resource 1 [mem 0xfc300000-0xfc3fffff]
[    0.772067] pci_bus 0000:0f: resource 2 [mem 0xe6900000-0xe69fffff 64bit pref]
[    0.772133] pci_bus 0000:10: resource 1 [mem 0xfbf00000-0xfbffffff]
[    0.772208] pci_bus 0000:10: resource 2 [mem 0xe6500000-0xe65fffff 64bit pref]
[    0.772370] pci_bus 0000:11: resource 1 [mem 0xfbb00000-0xfbbfffff]
[    0.772455] pci_bus 0000:11: resource 2 [mem 0xe6100000-0xe61fffff 64bit pref]
[    0.772522] pci_bus 0000:12: resource 1 [mem 0xfb700000-0xfb7fffff]
[    0.772579] pci_bus 0000:12: resource 2 [mem 0xe5d00000-0xe5dfffff 64bit pref]
[    0.772646] pci_bus 0000:13: resource 0 [io  0x6000-0x6fff]
[    0.772698] pci_bus 0000:13: resource 1 [mem 0xfd200000-0xfd2fffff]
[    0.772755] pci_bus 0000:13: resource 2 [mem 0xe7800000-0xe78fffff 64bit pref]
[    0.772821] pci_bus 0000:14: resource 0 [io  0xa000-0xafff]
[    0.772873] pci_bus 0000:14: resource 1 [mem 0xfce00000-0xfcefffff]
[    0.772930] pci_bus 0000:14: resource 2 [mem 0xe7400000-0xe74fffff 64bit pref]
[    0.772996] pci_bus 0000:15: resource 0 [io  0xe000-0xefff]
[    0.773048] pci_bus 0000:15: resource 1 [mem 0xfca00000-0xfcafffff]
[    0.773105] pci_bus 0000:15: resource 2 [mem 0xe7000000-0xe70fffff 64bit pref]
[    0.773172] pci_bus 0000:16: resource 1 [mem 0xfc600000-0xfc6fffff]
[    0.773242] pci_bus 0000:16: resource 2 [mem 0xe6c00000-0xe6cfffff 64bit pref]
[    0.773309] pci_bus 0000:17: resource 1 [mem 0xfc200000-0xfc2fffff]
[    0.773366] pci_bus 0000:17: resource 2 [mem 0xe6800000-0xe68fffff 64bit pref]
[    0.773432] pci_bus 0000:18: resource 1 [mem 0xfbe00000-0xfbefffff]
[    0.773489] pci_bus 0000:18: resource 2 [mem 0xe6400000-0xe64fffff 64bit pref]
[    0.773556] pci_bus 0000:19: resource 1 [mem 0xfba00000-0xfbafffff]
[    0.773613] pci_bus 0000:19: resource 2 [mem 0xe6000000-0xe60fffff 64bit pref]
[    0.773679] pci_bus 0000:1a: resource 1 [mem 0xfb600000-0xfb6fffff]
[    0.773737] pci_bus 0000:1a: resource 2 [mem 0xe5c00000-0xe5cfffff 64bit pref]
[    0.773803] pci_bus 0000:1b: resource 0 [io  0x7000-0x7fff]
[    0.773855] pci_bus 0000:1b: resource 1 [mem 0xfd100000-0xfd1fffff]
[    0.773912] pci_bus 0000:1b: resource 2 [mem 0xe7700000-0xe77fffff 64bit pref]
[    0.773978] pci_bus 0000:1c: resource 0 [io  0xb000-0xbfff]
[    0.774030] pci_bus 0000:1c: resource 1 [mem 0xfcd00000-0xfcdfffff]
[    0.774087] pci_bus 0000:1c: resource 2 [mem 0xe7300000-0xe73fffff 64bit pref]
[    0.774153] pci_bus 0000:1d: resource 1 [mem 0xfc900000-0xfc9fffff]
[    0.774222] pci_bus 0000:1d: resource 2 [mem 0xe6f00000-0xe6ffffff 64bit pref]
[    0.774289] pci_bus 0000:1e: resource 1 [mem 0xfc500000-0xfc5fffff]
[    0.774346] pci_bus 0000:1e: resource 2 [mem 0xe6b00000-0xe6bfffff 64bit pref]
[    0.774412] pci_bus 0000:1f: resource 1 [mem 0xfc100000-0xfc1fffff]
[    0.774469] pci_bus 0000:1f: resource 2 [mem 0xe6700000-0xe67fffff 64bit pref]
[    0.774536] pci_bus 0000:20: resource 1 [mem 0xfbd00000-0xfbdfffff]
[    0.774593] pci_bus 0000:20: resource 2 [mem 0xe6300000-0xe63fffff 64bit pref]
[    0.774662] pci_bus 0000:21: resource 1 [mem 0xfb900000-0xfb9fffff]
[    0.774725] pci_bus 0000:21: resource 2 [mem 0xe5f00000-0xe5ffffff 64bit pref]
[    0.774792] pci_bus 0000:22: resource 1 [mem 0xfb500000-0xfb5fffff]
[    0.774849] pci_bus 0000:22: resource 2 [mem 0xe5b00000-0xe5bfffff 64bit pref]
[    0.775304] pci 0000:00:00.0: Limiting direct PCI/PCI transfers
[    0.775495] pci 0000:00:0f.0: Video device with shadowed ROM at [mem 0x000c0000-0x000dffff]
[    0.777144] pci 0000:02:01.0: CLS mismatch (32 != 64), using 64 bytes
[    0.777968] Unpacking initramfs...
[    0.911769] Freeing initrd memory: 52056K
[    0.911864] PCI-DMA: Using software bounce buffering for IO (SWIOTLB)
[    0.911921] software IO TLB: mapped [mem 0xbbed0000-0xbfed0000] (64MB)
[    0.912105] check: Scanning for low memory corruption every 60 seconds
[    0.913686] Initialise system trusted keyrings
[    0.913740] Key type blacklist registered
[    0.914130] workingset: timestamp_bits=36 max_order=20 bucket_order=0
[    0.915120] zbud: loaded
[    0.915395] squashfs: version 4.0 (2009/01/31) Phillip Lougher
[    0.915936] fuse: init (API version 7.31)
[    0.916210] 9p: Installing v9fs 9p2000 file system support
[    0.916516] integrity: Platform Keyring initialized
[    0.925889] Key type asymmetric registered
[    0.925940] Asymmetric key parser 'x509' registered
[    0.926011] Block layer SCSI generic (bsg) driver version 0.4 loaded (major 244)
[    0.926454] io scheduler mq-deadline registered
[    0.927532] pcieport 0000:00:15.0: PME: Signaling with IRQ 24
[    0.927714] pcieport 0000:00:15.0: pciehp: Slot #160 AttnBtn+ PwrCtrl+ MRL- AttnInd- PwrInd- HotPlug+ Surprise- Interlock- NoCompl+ IbPresDis- LLActRep+
[    0.929242] pcieport 0000:00:15.1: PME: Signaling with IRQ 25
[    0.929389] pcieport 0000:00:15.1: pciehp: Slot #161 AttnBtn+ PwrCtrl+ MRL- AttnInd- PwrInd- HotPlug+ Surprise- Interlock- NoCompl+ IbPresDis- LLActRep+
[    0.930872] pcieport 0000:00:15.2: PME: Signaling with IRQ 26
[    0.931029] pcieport 0000:00:15.2: pciehp: Slot #162 AttnBtn+ PwrCtrl+ MRL- AttnInd- PwrInd- HotPlug+ Surprise- Interlock- NoCompl+ IbPresDis- LLActRep+
[    0.932378] pcieport 0000:00:15.3: PME: Signaling with IRQ 27
[    0.932539] pcieport 0000:00:15.3: pciehp: Slot #163 AttnBtn+ PwrCtrl+ MRL- AttnInd- PwrInd- HotPlug+ Surprise- Interlock- NoCompl+ IbPresDis- LLActRep+
[    0.933998] pcieport 0000:00:15.4: PME: Signaling with IRQ 28
[    0.934155] pcieport 0000:00:15.4: pciehp: Slot #164 AttnBtn+ PwrCtrl+ MRL- AttnInd- PwrInd- HotPlug+ Surprise- Interlock- NoCompl+ IbPresDis- LLActRep+
[    0.935567] pcieport 0000:00:15.5: PME: Signaling with IRQ 29
[    0.935722] pcieport 0000:00:15.5: pciehp: Slot #165 AttnBtn+ PwrCtrl+ MRL- AttnInd- PwrInd- HotPlug+ Surprise- Interlock- NoCompl+ IbPresDis- LLActRep+
[    0.937081] pcieport 0000:00:15.6: PME: Signaling with IRQ 30
[    0.937550] pcieport 0000:00:15.6: pciehp: Slot #166 AttnBtn+ PwrCtrl+ MRL- AttnInd- PwrInd- HotPlug+ Surprise- Interlock- NoCompl+ IbPresDis- LLActRep+
[    0.938975] pcieport 0000:00:15.7: PME: Signaling with IRQ 31
[    0.939131] pcieport 0000:00:15.7: pciehp: Slot #167 AttnBtn+ PwrCtrl+ MRL- AttnInd- PwrInd- HotPlug+ Surprise- Interlock- NoCompl+ IbPresDis- LLActRep+
[    0.940475] pcieport 0000:00:16.0: PME: Signaling with IRQ 32
[    0.940633] pcieport 0000:00:16.0: pciehp: Slot #192 AttnBtn+ PwrCtrl+ MRL- AttnInd- PwrInd- HotPlug+ Surprise- Interlock- NoCompl+ IbPresDis- LLActRep+
[    0.942519] pcieport 0000:00:16.1: PME: Signaling with IRQ 33
[    0.942669] pcieport 0000:00:16.1: pciehp: Slot #193 AttnBtn+ PwrCtrl+ MRL- AttnInd- PwrInd- HotPlug+ Surprise- Interlock- NoCompl+ IbPresDis- LLActRep+
[    0.944105] pcieport 0000:00:16.2: PME: Signaling with IRQ 34
[    0.944254] pcieport 0000:00:16.2: pciehp: Slot #194 AttnBtn+ PwrCtrl+ MRL- AttnInd- PwrInd- HotPlug+ Surprise- Interlock- NoCompl+ IbPresDis- LLActRep+
[    0.945864] pcieport 0000:00:16.3: PME: Signaling with IRQ 35
[    0.946312] pcieport 0000:00:16.3: pciehp: Slot #195 AttnBtn+ PwrCtrl+ MRL- AttnInd- PwrInd- HotPlug+ Surprise- Interlock- NoCompl+ IbPresDis- LLActRep+
[    0.948771] pcieport 0000:00:16.4: PME: Signaling with IRQ 36
[    0.948918] pcieport 0000:00:16.4: pciehp: Slot #196 AttnBtn+ PwrCtrl+ MRL- AttnInd- PwrInd- HotPlug+ Surprise- Interlock- NoCompl+ IbPresDis- LLActRep+
[    0.950334] pcieport 0000:00:16.5: PME: Signaling with IRQ 37
[    0.950503] pcieport 0000:00:16.5: pciehp: Slot #197 AttnBtn+ PwrCtrl+ MRL- AttnInd- PwrInd- HotPlug+ Surprise- Interlock- NoCompl+ IbPresDis- LLActRep+
[    0.952195] pcieport 0000:00:16.6: PME: Signaling with IRQ 38
[    0.952364] pcieport 0000:00:16.6: pciehp: Slot #198 AttnBtn+ PwrCtrl+ MRL- AttnInd- PwrInd- HotPlug+ Surprise- Interlock- NoCompl+ IbPresDis- LLActRep+
[    0.953784] pcieport 0000:00:16.7: PME: Signaling with IRQ 39
[    0.953948] pcieport 0000:00:16.7: pciehp: Slot #199 AttnBtn+ PwrCtrl+ MRL- AttnInd- PwrInd- HotPlug+ Surprise- Interlock- NoCompl+ IbPresDis- LLActRep+
[    0.955359] pcieport 0000:00:17.0: PME: Signaling with IRQ 40
[    0.955515] pcieport 0000:00:17.0: pciehp: Slot #224 AttnBtn+ PwrCtrl+ MRL- AttnInd- PwrInd- HotPlug+ Surprise- Interlock- NoCompl+ IbPresDis- LLActRep+
[    0.957033] pcieport 0000:00:17.1: PME: Signaling with IRQ 41
[    0.957190] pcieport 0000:00:17.1: pciehp: Slot #225 AttnBtn+ PwrCtrl+ MRL- AttnInd- PwrInd- HotPlug+ Surprise- Interlock- NoCompl+ IbPresDis- LLActRep+
[    0.959263] pcieport 0000:00:17.2: PME: Signaling with IRQ 42
[    0.959428] pcieport 0000:00:17.2: pciehp: Slot #226 AttnBtn+ PwrCtrl+ MRL- AttnInd- PwrInd- HotPlug+ Surprise- Interlock- NoCompl+ IbPresDis- LLActRep+
[    0.960837] pcieport 0000:00:17.3: PME: Signaling with IRQ 43
[    0.960995] pcieport 0000:00:17.3: pciehp: Slot #227 AttnBtn+ PwrCtrl+ MRL- AttnInd- PwrInd- HotPlug+ Surprise- Interlock- NoCompl+ IbPresDis- LLActRep+
[    0.962452] pcieport 0000:00:17.4: PME: Signaling with IRQ 44
[    0.962611] pcieport 0000:00:17.4: pciehp: Slot #228 AttnBtn+ PwrCtrl+ MRL- AttnInd- PwrInd- HotPlug+ Surprise- Interlock- NoCompl+ IbPresDis- LLActRep+
[    0.963982] pcieport 0000:00:17.5: PME: Signaling with IRQ 45
[    0.964151] pcieport 0000:00:17.5: pciehp: Slot #229 AttnBtn+ PwrCtrl+ MRL- AttnInd- PwrInd- HotPlug+ Surprise- Interlock- NoCompl+ IbPresDis- LLActRep+
[    0.965625] pcieport 0000:00:17.6: PME: Signaling with IRQ 46
[    0.965828] pcieport 0000:00:17.6: pciehp: Slot #230 AttnBtn+ PwrCtrl+ MRL- AttnInd- PwrInd- HotPlug+ Surprise- Interlock- NoCompl+ IbPresDis- LLActRep+
[    0.967654] pcieport 0000:00:17.7: PME: Signaling with IRQ 47
[    0.967811] pcieport 0000:00:17.7: pciehp: Slot #231 AttnBtn+ PwrCtrl+ MRL- AttnInd- PwrInd- HotPlug+ Surprise- Interlock- NoCompl+ IbPresDis- LLActRep+
[    0.969244] pcieport 0000:00:18.0: PME: Signaling with IRQ 48
[    0.969401] pcieport 0000:00:18.0: pciehp: Slot #256 AttnBtn+ PwrCtrl+ MRL- AttnInd- PwrInd- HotPlug+ Surprise- Interlock- NoCompl+ IbPresDis- LLActRep+
[    0.970871] pcieport 0000:00:18.1: PME: Signaling with IRQ 49
[    0.971027] pcieport 0000:00:18.1: pciehp: Slot #257 AttnBtn+ PwrCtrl+ MRL- AttnInd- PwrInd- HotPlug+ Surprise- Interlock- NoCompl+ IbPresDis- LLActRep+
[    0.972485] pcieport 0000:00:18.2: PME: Signaling with IRQ 50
[    0.972657] pcieport 0000:00:18.2: pciehp: Slot #258 AttnBtn+ PwrCtrl+ MRL- AttnInd- PwrInd- HotPlug+ Surprise- Interlock- NoCompl+ IbPresDis- LLActRep+
[    0.974176] pcieport 0000:00:18.3: PME: Signaling with IRQ 51
[    0.974333] pcieport 0000:00:18.3: pciehp: Slot #259 AttnBtn+ PwrCtrl+ MRL- AttnInd- PwrInd- HotPlug+ Surprise- Interlock- NoCompl+ IbPresDis- LLActRep+
[    0.976104] pcieport 0000:00:18.4: PME: Signaling with IRQ 52
[    0.976261] pcieport 0000:00:18.4: pciehp: Slot #260 AttnBtn+ PwrCtrl+ MRL- AttnInd- PwrInd- HotPlug+ Surprise- Interlock- NoCompl+ IbPresDis- LLActRep+
[    0.977979] pcieport 0000:00:18.5: PME: Signaling with IRQ 53
[    0.978309] pcieport 0000:00:18.5: pciehp: Slot #261 AttnBtn+ PwrCtrl+ MRL- AttnInd- PwrInd- HotPlug+ Surprise- Interlock- NoCompl+ IbPresDis- LLActRep+
[    0.981344] pcieport 0000:00:18.6: PME: Signaling with IRQ 54
[    0.981603] pcieport 0000:00:18.6: pciehp: Slot #262 AttnBtn+ PwrCtrl+ MRL- AttnInd- PwrInd- HotPlug+ Surprise- Interlock- NoCompl+ IbPresDis- LLActRep+
[    0.982966] pcieport 0000:00:18.7: PME: Signaling with IRQ 55
[    0.983124] pcieport 0000:00:18.7: pciehp: Slot #263 AttnBtn+ PwrCtrl+ MRL- AttnInd- PwrInd- HotPlug+ Surprise- Interlock- NoCompl+ IbPresDis- LLActRep+
[    0.983957] shpchp: Standard Hot Plug PCI Controller Driver version: 0.4
[    0.984087] intel_idle: Please enable MWAIT in BIOS SETUP
[    0.984560] ACPI: AC Adapter [ACAD] (on-line)
[    0.984791] input: Power Button as /devices/LNXSYSTM:00/LNXPWRBN:00/input/input0
[    0.984915] ACPI: Power Button [PWRF]
[    0.986084] Serial: 8250/16550 driver, 32 ports, IRQ sharing enabled
[    1.010678] 00:05: ttyS0 at I/O 0x3f8 (irq = 4, base_baud = 115200) is a 16550A
[    1.065873] Linux agpgart interface v0.103
[    1.066043] agpgart-intel 0000:00:00.0: Intel 440BX Chipset
[    1.066751] agpgart-intel 0000:00:00.0: AGP aperture is 256M @ 0x0
[    1.078326] loop: module loaded
[    1.078800] ata_piix 0000:00:07.1: version 2.13
[    1.079373] scsi host0: ata_piix
[    1.079825] scsi host1: ata_piix
[    1.079924] ata1: PATA max UDMA/33 cmd 0x1f0 ctl 0x3f6 bmdma 0x1060 irq 14
[    1.080044] ata2: PATA max UDMA/33 cmd 0x170 ctl 0x376 bmdma 0x1068 irq 15
[    1.080781] libphy: Fixed MDIO Bus: probed
[    1.080826] tun: Universal TUN/TAP device driver, 1.6
[    1.081089] PPP generic driver version 2.4.2
[    1.082010] VFIO - User Level meta-driver version: 0.3
[    1.082333] ehci_hcd: USB 2.0 'Enhanced' Host Controller (EHCI) Driver
[    1.082403] ehci-pci: EHCI PCI platform driver
[    1.082940] ehci-pci 0000:02:03.0: EHCI Host Controller
[    1.082997] ehci-pci 0000:02:03.0: new USB bus registered, assigned bus number 1
[    1.083266] ehci-pci 0000:02:03.0: cache line size of 64 is not supported
[    1.083341] ehci-pci 0000:02:03.0: irq 17, io mem 0xfd5ef000
[    1.099314] ehci-pci 0000:02:03.0: USB 2.0 started, EHCI 1.00
[    1.099438] usb usb1: New USB device found, idVendor=1d6b, idProduct=0002, bcdDevice= 5.08
[    1.099516] usb usb1: New USB device strings: Mfr=3, Product=2, SerialNumber=1
[    1.099583] usb usb1: Product: EHCI Host Controller
[    1.099630] usb usb1: Manufacturer: Linux 5.8.0+ ehci_hcd
[    1.099682] usb usb1: SerialNumber: 0000:02:03.0
[    1.099966] hub 1-0:1.0: USB hub found
[    1.100021] hub 1-0:1.0: 6 ports detected
[    1.100245] ehci-platform: EHCI generic platform driver
[    1.100309] ohci_hcd: USB 1.1 'Open' Host Controller (OHCI) Driver
[    1.100369] ohci-pci: OHCI PCI platform driver
[    1.100424] ohci-platform: OHCI generic platform driver
[    1.100478] uhci_hcd: USB Universal Host Controller Interface driver
[    1.100987] uhci_hcd 0000:02:00.0: UHCI Host Controller
[    1.101042] uhci_hcd 0000:02:00.0: new USB bus registered, assigned bus number 2
[    1.101175] uhci_hcd 0000:02:00.0: detected 2 ports
[    1.101392] uhci_hcd 0000:02:00.0: irq 18, io base 0x00002080
[    1.101561] usb usb2: New USB device found, idVendor=1d6b, idProduct=0001, bcdDevice= 5.08
[    1.101638] usb usb2: New USB device strings: Mfr=3, Product=2, SerialNumber=1
[    1.101705] usb usb2: Product: UHCI Host Controller
[    1.101752] usb usb2: Manufacturer: Linux 5.8.0+ uhci_hcd
[    1.101803] usb usb2: SerialNumber: 0000:02:00.0
[    1.102056] hub 2-0:1.0: USB hub found
[    1.102103] hub 2-0:1.0: 2 ports detected
[    1.102355] i8042: PNP: PS/2 Controller [PNP0303:KBC,PNP0f13:MOUS] at 0x60,0x64 irq 1,12
[    1.103406] serio: i8042 KBD port at 0x60,0x64 irq 1
[    1.103549] serio: i8042 AUX port at 0x60,0x64 irq 12
[    1.105796] mousedev: PS/2 mouse device common for all mice
[    1.127698] rtc_cmos 00:01: registered as rtc0
[    1.128100] rtc_cmos 00:01: setting system clock to 2021-03-04T02:45:25 UTC (1614825925)
[    1.128208] rtc_cmos 00:01: alarms up to one month, y3k, 114 bytes nvram, hpet irqs
[    1.128294] i2c /dev entries driver
[    1.128374] device-mapper: uevent: version 1.0.3
[    1.128670] input: AT Translated Set 2 keyboard as /devices/platform/i8042/serio0/input/input1
[    1.129301] device-mapper: ioctl: 4.42.0-ioctl (2020-02-27) initialised: dm-devel@redhat.com
[    1.129409] platform eisa.0: Probing EISA bus 0
[    1.129453] platform eisa.0: EISA: Cannot allocate resource for mainboard
[    1.129512] platform eisa.0: Cannot allocate resource for EISA slot 1
[    1.129567] platform eisa.0: Cannot allocate resource for EISA slot 2
[    1.129622] platform eisa.0: Cannot allocate resource for EISA slot 3
[    1.129677] platform eisa.0: Cannot allocate resource for EISA slot 4
[    1.129731] platform eisa.0: Cannot allocate resource for EISA slot 5
[    1.129786] platform eisa.0: Cannot allocate resource for EISA slot 6
[    1.129840] platform eisa.0: Cannot allocate resource for EISA slot 7
[    1.129895] platform eisa.0: Cannot allocate resource for EISA slot 8
[    1.129950] platform eisa.0: EISA: Detected 0 cards
[    1.129996] intel_pstate: CPU model not supported
[    1.130292] ledtrig-cpu: registered to indicate activity on CPUs
[    1.130682] intel_pmc_core intel_pmc_core.0:  initialized
[    1.130822] drop_monitor: Initializing network drop monitor service
[    1.131047] NET: Registered protocol family 10
[    1.141290] Segment Routing with IPv6
[    1.141372] NET: Registered protocol family 17
[    1.141656] 9pnet: Installing 9P2000 support
[    1.141735] Key type dns_resolver registered
[    1.142464] IPI shorthand broadcast: enabled
[    1.142517] sched_clock: Marking stable (1113349500, 29070726)->(1415991911, -273571685)
[    1.142862] registered taskstats version 1
[    1.142915] Loading compiled-in X.509 certificates
[    1.144204] Loaded X.509 cert 'Build time autogenerated kernel key: 95c0621c6a74d59471aa6db00ea87305ab99540d'
[    1.144326] zswap: loaded using pool lzo/zbud
[    1.144950] Key type ._fscrypt registered
[    1.144997] Key type .fscrypt registered
[    1.145037] Key type fscrypt-provisioning registered
[    1.148471] Key type encrypted registered
[    1.148518] AppArmor: AppArmor sha1 policy hashing enabled
[    1.148574] ima: No TPM chip found, activating TPM-bypass!
[    1.148628] ima: Allocated hash algorithm: sha1
[    1.148676] ima: No architecture policies found
[    1.148728] evm: Initialising EVM extended attributes:
[    1.148777] evm: security.selinux
[    1.148813] evm: security.SMACK64
[    1.148849] evm: security.SMACK64EXEC
[    1.148887] evm: security.SMACK64TRANSMUTE
[    1.148929] evm: security.SMACK64MMAP
[    1.148967] evm: security.apparmor
[    1.149003] evm: security.ima
[    1.149036] evm: security.capability
[    1.149074] evm: HMAC attrs: 0x1
[    1.150910] PM:   Magic number: 13:724:762
[    1.150960] atkbd serio0: hash matches
[    1.151132] acpi PNP0C80:09: hash matches
[    1.151469] RAS: Correctable Errors collector initialized.
[    1.266050] Freeing unused decrypted memory: 2040K
[    1.266522] Freeing unused kernel image (initmem) memory: 2608K
